C:\Users\maksi\AppData\Local\Programs\Python\Python313\Lib\site-packages\pytest_asyncio\plugin.py:247: PytestDeprecationWarning: The configuration option "asyncio_default_fixture_loop_scope" is unset.
The event loop scope for asynchronous fixtures will default to the fixture caching scope. Future versions of pytest-asyncio will default the loop scope for asynchronous fixtures to function scope. Set the default fixture loop scope explicitly in order to avoid unexpected behavior in the future. Valid fixture loop scopes are: "function", "class", "module", "package", "session"

  warnings.warn(PytestDeprecationWarning(_DEFAULT_FIXTURE_LOOP_SCOPE_UNSET))
============================= test session starts =============================
platform win32 -- Python 3.13.9, pytest-8.3.3, pluggy-1.6.0 -- C:\Users\maksi\AppData\Local\Programs\Python\Python313\python.exe
cachedir: .pytest_cache
rootdir: C:\Users\maksi\OneDrive\Documents\GitHub\Mario-Level-1
configfile: pyproject.toml
plugins: anyio-4.9.0, dash-3.0.4, Faker-33.1.0, asyncio-1.3.0, cov-6.0.0, flask-1.3.0
asyncio: mode=Mode.STRICT, debug=False, asyncio_default_fixture_loop_scope=None, asyncio_default_test_loop_scope=function
collecting ... collected 892 items

tests/test_achievements.py::TestAchievement::test_create_achievement PASSED [  0%]
tests/test_achievements.py::TestAchievement::test_achievement_to_dict PASSED [  0%]
tests/test_achievements.py::TestAchievement::test_achievement_from_dict PASSED [  0%]
tests/test_achievements.py::TestAchievement::test_add_progress_unlocks PASSED [  0%]
tests/test_achievements.py::TestAchievement::test_add_progress_already_unlocked PASSED [  0%]
tests/test_achievements.py::TestAchievement::test_get_progress_percent PASSED [  0%]
tests/test_achievements.py::TestAchievementsManager::test_init_creates_achievements PASSED [  0%]
tests/test_achievements.py::TestAchievementsManager::test_init_statistics PASSED [  0%]
tests/test_achievements.py::TestAchievementsManager::test_increment_statistic PASSED [  1%]
tests/test_achievements.py::TestAchievementsManager::test_increment_invalid_statistic PASSED [  1%]
tests/test_achievements.py::TestAchievementsManager::test_unlock_achievement FAILED [  1%]
tests/test_achievements.py::TestAchievementsManager::test_unlock_already_unlocked PASSED [  1%]
tests/test_achievements.py::TestAchievementsManager::test_unlock_invalid_achievement PASSED [  1%]
tests/test_achievements.py::TestAchievementsManager::test_save_and_load PASSED [  1%]
tests/test_achievements.py::TestAchievementsManager::test_get_completion_percentage FAILED [  1%]
tests/test_achievements.py::TestAchievementsManager::test_get_unlocked_achievements FAILED [  1%]
tests/test_achievements.py::TestAchievementsManager::test_get_locked_achievements FAILED [  1%]
tests/test_achievements.py::TestAchievementsManager::test_get_stat PASSED [  2%]
tests/test_achievements.py::TestAchievementsManager::test_get_stat_invalid PASSED [  2%]
tests/test_achievements.py::TestAchievementsManager::test_reset_statistics PASSED [  2%]
tests/test_achievements.py::TestAchievementsManager::test_achievement_notifications FAILED [  2%]
tests/test_achievements.py::TestAchievementsManager::test_update_notifications FAILED [  2%]
tests/test_achievements.py::TestAchievementsManager::test_get_tier_completion FAILED [  2%]
tests/test_achievements.py::TestAchievementNotifications::test_notification_creation PASSED [  2%]
tests/test_achievements.py::TestAchievementsIntegration::test_coin_collection_achievements PASSED [  2%]
tests/test_achievements.py::TestAchievementsIntegration::test_enemy_defeat_achievements FAILED [  2%]
tests/test_achievements.py::TestAchievementsIntegration::test_persistence_across_sessions FAILED [  3%]
tests/test_achievements_v2.py::TestAchievementReward::test_create_reward PASSED [  3%]
tests/test_achievements_v2.py::TestAchievementReward::test_reward_to_dict PASSED [  3%]
tests/test_achievements_v2.py::TestAchievementReward::test_reward_from_dict PASSED [  3%]
tests/test_achievements_v2.py::TestAchievement::test_create_achievement PASSED [  3%]
tests/test_achievements_v2.py::TestAchievement::test_hidden_achievement PASSED [  3%]
tests/test_achievements_v2.py::TestAchievement::test_progress_tracking PASSED [  3%]
tests/test_achievements_v2.py::TestAchievement::test_milestones PASSED   [  3%]
tests/test_achievements_v2.py::TestAchievement::test_rarity_color PASSED [  3%]
tests/test_achievements_v2.py::TestAchievement::test_tier_color PASSED   [  4%]
tests/test_achievements_v2.py::TestAchievement::test_update_progress_unlock PASSED [  4%]
tests/test_achievements_v2.py::TestAchievement::test_cannot_progress_unlocked PASSED [  4%]
tests/test_achievements_v2.py::TestAchievement::test_achievement_to_dict PASSED [  4%]
tests/test_achievements_v2.py::TestAchievementManager::test_initialize_default_achievements PASSED [  4%]
tests/test_achievements_v2.py::TestAchievementManager::test_update_progress PASSED [  4%]
tests/test_achievements_v2.py::TestAchievementManager::test_update_progress_partial PASSED [  4%]
tests/test_achievements_v2.py::TestAchievementManager::test_milestone_callback PASSED [  4%]
tests/test_achievements_v2.py::TestAchievementManager::test_unlock_achievement PASSED [  4%]
tests/test_achievements_v2.py::TestAchievementManager::test_unlock_already_unlocked PASSED [  5%]
tests/test_achievements_v2.py::TestAchievementManager::test_get_achievements_by_category PASSED [  5%]
tests/test_achievements_v2.py::TestAchievementManager::test_get_achievements_by_rarity PASSED [  5%]
tests/test_achievements_v2.py::TestAchievementManager::test_get_completion_percentage PASSED [  5%]
tests/test_achievements_v2.py::TestAchievementManager::test_get_summary PASSED [  5%]
tests/test_achievements_v2.py::TestAchievementManager::test_prerequisites PASSED [  5%]
tests/test_achievements_v2.py::TestAchievementManager::test_save_and_load PASSED [  5%]
tests/test_achievements_v2.py::TestAchievementManager::test_callback_on_unlock PASSED [  5%]
tests/test_achievements_v2.py::TestAchievementCategories::test_all_categories_exist PASSED [  5%]
tests/test_achievements_v2.py::TestAchievementRarity::test_all_rarities_exist PASSED [  6%]
tests/test_achievements_v2.py::TestAchievementTiers::test_all_tiers_exist PASSED [  6%]
tests/test_achievements_v2.py::TestGlobalAchievementManager::test_singleton PASSED [  6%]
tests/test_achievements_v2.py::TestDefaultAchievements::test_first_blood PASSED [  6%]
tests/test_achievements_v2.py::TestDefaultAchievements::test_combo_achievements PASSED [  6%]
tests/test_achievements_v2.py::TestDefaultAchievements::test_boss_hunter_hidden PASSED [  6%]
tests/test_achievements_v2.py::TestDefaultAchievements::test_no_death_run_reward PASSED [  6%]
tests/test_animation_system.py::TestLerp::test_lerp_basic PASSED         [  6%]
tests/test_animation_system.py::TestLerp::test_lerp_negative PASSED      [  6%]
tests/test_animation_system.py::TestLerp::test_lerp_reverse PASSED       [  7%]
tests/test_animation_system.py::TestLerp::test_lerp_vector PASSED        [  7%]
tests/test_animation_system.py::TestEasingFunctions::test_linear PASSED  [  7%]
tests/test_animation_system.py::TestEasingFunctions::test_ease_in_quad PASSED [  7%]
tests/test_animation_system.py::TestEasingFunctions::test_ease_out_quad PASSED [  7%]
tests/test_animation_system.py::TestEasingFunctions::test_ease_in_out_quad PASSED [  7%]
tests/test_animation_system.py::TestEasingFunctions::test_ease_in_cubic PASSED [  7%]
tests/test_animation_system.py::TestEasingFunctions::test_ease_out_cubic PASSED [  7%]
tests/test_animation_system.py::TestEasingFunctions::test_ease_in_sine FAILED [  7%]
tests/test_animation_system.py::TestEasingFunctions::test_ease_out_sine FAILED [  8%]
tests/test_animation_system.py::TestEasingFunctions::test_ease_in_out_sine FAILED [  8%]
tests/test_animation_system.py::TestEasingFunctions::test_ease_out_bounce FAILED [  8%]
tests/test_animation_system.py::TestEasingFunctions::test_ease_in_bounce FAILED [  8%]
tests/test_animation_system.py::TestAnimationFrame::test_default_frame PASSED [  8%]
tests/test_animation_system.py::TestAnimationFrame::test_custom_frame PASSED [  8%]
tests/test_animation_system.py::TestAnimationState::test_create_animation_state PASSED [  8%]
tests/test_animation_system.py::TestAnimationState::test_play_pause_stop PASSED [  8%]
tests/test_animation_system.py::TestAnimationState::test_update_without_frames PASSED [  8%]
tests/test_animation_system.py::TestAnimationState::test_update_with_frames PASSED [  9%]
tests/test_animation_system.py::TestAnimationState::test_animation_loop PASSED [  9%]
tests/test_animation_system.py::TestAnimationState::test_animation_no_loop PASSED [  9%]
tests/test_animation_system.py::TestAnimationState::test_frame_callback PASSED [  9%]
tests/test_animation_system.py::TestInterpolatedSprite::test_create_sprite PASSED [  9%]
tests/test_animation_system.py::TestInterpolatedSprite::test_set_position PASSED [  9%]
tests/test_animation_system.py::TestInterpolatedSprite::test_move PASSED [  9%]
tests/test_animation_system.py::TestInterpolatedSprite::test_set_velocity PASSED [  9%]
tests/test_animation_system.py::TestInterpolatedSprite::test_update_with_velocity PASSED [  9%]
tests/test_animation_system.py::TestInterpolatedSprite::test_interpolated_position PASSED [ 10%]
tests/test_animation_system.py::TestInterpolatedSprite::test_flip_and_rotation PASSED [ 10%]
tests/test_animation_system.py::TestInterpolatedSprite::test_alpha_transparency PASSED [ 10%]
tests/test_animation_system.py::TestInterpolatedSprite::test_scale PASSED [ 10%]
tests/test_animation_system.py::TestAnimationManager::test_create_manager PASSED [ 10%]
tests/test_animation_system.py::TestAnimationManager::test_add_remove_sprite PASSED [ 10%]
tests/test_animation_system.py::TestAnimationManager::test_clear_sprites PASSED [ 10%]
tests/test_animation_system.py::TestAnimationManager::test_update PASSED [ 10%]
tests/test_animation_system.py::TestAnimationManager::test_draw PASSED   [ 10%]
tests/test_animation_system.py::TestTween::test_create_tween PASSED      [ 11%]
tests/test_animation_system.py::TestTween::test_tween_start_stop PASSED  [ 11%]
tests/test_animation_system.py::TestTween::test_tween_update PASSED      [ 11%]
tests/test_animation_system.py::TestTween::test_tween_complete PASSED    [ 11%]
tests/test_animation_system.py::TestTween::test_tween_on_complete_callback PASSED [ 11%]
tests/test_animation_system.py::TestTween::test_tween_reset PASSED       [ 11%]
tests/test_animation_system.py::TestTweenManager::test_create_tween_manager PASSED [ 11%]
tests/test_animation_system.py::TestTweenManager::test_add_tween PASSED  [ 11%]
tests/test_animation_system.py::TestTweenManager::test_get_tween PASSED  [ 11%]
tests/test_animation_system.py::TestTweenManager::test_start_tween PASSED [ 12%]
tests/test_animation_system.py::TestTweenManager::test_update_tweens PASSED [ 12%]
tests/test_animation_system.py::TestTweenManager::test_clear_tweens PASSED [ 12%]
tests/test_animation_system.py::TestAnimationIntegration::test_sprite_with_animation PASSED [ 12%]
tests/test_animation_system.py::TestAnimationIntegration::test_manager_with_multiple_sprites PASSED [ 12%]
tests/test_animation_system.py::TestAnimationIntegration::test_tween_sequence FAILED [ 12%]
tests/test_audio_manager.py::TestAudioCategory::test_audio_categories PASSED [ 12%]
tests/test_audio_manager.py::TestAudioState::test_audio_states PASSED    [ 12%]
tests/test_audio_manager.py::TestSoundConfig::test_default_sound_config PASSED [ 13%]
tests/test_audio_manager.py::TestSoundConfig::test_custom_sound_config PASSED [ 13%]
tests/test_audio_manager.py::TestMusicTrack::test_music_track_creation PASSED [ 13%]
tests/test_audio_manager.py::TestAudioStats::test_default_stats PASSED   [ 13%]
tests/test_audio_manager.py::TestSoundPool::test_sound_pool_creation PASSED [ 13%]
tests/test_audio_manager.py::TestSoundPool::test_load_sound PASSED       [ 13%]
tests/test_audio_manager.py::TestSoundPool::test_load_nonexistent_sound PASSED [ 13%]
tests/test_audio_manager.py::TestSoundPool::test_play_sound PASSED       [ 13%]
tests/test_audio_manager.py::TestSoundPool::test_play_missing_sound PASSED [ 13%]
tests/test_audio_manager.py::TestSoundPool::test_stop_sound PASSED       [ 14%]
tests/test_audio_manager.py::TestSoundPool::test_get_active_count PASSED [ 14%]
tests/test_audio_manager.py::TestSoundPool::test_unload_sound PASSED     [ 14%]
tests/test_audio_manager.py::TestSoundPool::test_clear_sounds PASSED     [ 14%]
tests/test_audio_manager.py::TestMusicManager::test_music_manager_creation PASSED [ 14%]
tests/test_audio_manager.py::TestMusicManager::test_add_track PASSED     [ 14%]
tests/test_audio_manager.py::TestMusicManager::test_load_track_nonexistent PASSED [ 14%]
tests/test_audio_manager.py::TestMusicManager::test_play_without_tracks PASSED [ 14%]
tests/test_audio_manager.py::TestMusicManager::test_stop_music PASSED    [ 14%]
tests/test_audio_manager.py::TestMusicManager::test_pause_unpause PASSED [ 15%]
tests/test_audio_manager.py::TestMusicManager::test_set_volume PASSED    [ 15%]
tests/test_audio_manager.py::TestMusicManager::test_get_playlist PASSED  [ 15%]
tests/test_audio_manager.py::TestMusicManager::test_clear_playlist PASSED [ 15%]
tests/test_audio_manager.py::TestAudioManager::test_audio_manager_creation PASSED [ 15%]
tests/test_audio_manager.py::TestAudioManager::test_initialize PASSED    [ 15%]
tests/test_audio_manager.py::TestAudioManager::test_initialize_twice PASSED [ 15%]
tests/test_audio_manager.py::TestAudioManager::test_shutdown PASSED      [ 15%]
tests/test_audio_manager.py::TestAudioManager::test_play_sound_not_initialized PASSED [ 15%]
tests/test_audio_manager.py::TestAudioManager::test_play_sound_muted PASSED [ 16%]
tests/test_audio_manager.py::TestAudioManager::test_set_master_volume PASSED [ 16%]
tests/test_audio_manager.py::TestAudioManager::test_set_category_volume PASSED [ 16%]
tests/test_audio_manager.py::TestAudioManager::test_mute_unmute PASSED   [ 16%]
tests/test_audio_manager.py::TestAudioManager::test_toggle_mute PASSED   [ 16%]
tests/test_audio_manager.py::TestAudioManager::test_get_stats PASSED     [ 16%]
tests/test_audio_manager.py::TestAudioManager::test_pause_unpause_all PASSED [ 16%]
tests/test_audio_manager.py::TestGameAudioPreset::test_game_audio_creation PASSED [ 16%]
tests/test_audio_manager.py::TestGameAudioPreset::test_sound_names_exist PASSED [ 16%]
tests/test_audio_manager.py::TestGameAudioPreset::test_play_methods_no_crash PASSED [ 17%]
tests/test_audio_manager.py::TestAudioIntegration::test_full_audio_workflow PASSED [ 17%]
tests/test_audio_manager.py::TestAudioIntegration::test_music_playlist_workflow PASSED [ 17%]
tests/test_benchmark.py::TestParticleBenchmark::test_particle_creation ERROR [ 17%]
tests/test_benchmark.py::TestParticleBenchmark::test_particle_update ERROR [ 17%]
tests/test_benchmark.py::TestParticleBenchmark::test_particle_batch_render ERROR [ 17%]
tests/test_benchmark.py::TestCollisionBenchmark::test_collider_creation ERROR [ 17%]
tests/test_benchmark.py::TestCollisionBenchmark::test_collider_collision_check ERROR [ 17%]
tests/test_benchmark.py::TestResourceLoadingBenchmark::test_image_cache_loading ERROR [ 17%]
tests/test_benchmark.py::TestResourceLoadingBenchmark::test_lazy_loader_scan ERROR [ 18%]
tests/test_benchmark.py::TestSaveSystemBenchmark::test_save_game_performance ERROR [ 18%]
tests/test_benchmark.py::TestSaveSystemBenchmark::test_load_game_performance ERROR [ 18%]
tests/test_benchmark.py::TestConstantsBenchmark::test_constant_access_speed ERROR [ 18%]
tests/test_benchmark.py::TestMemoryUsage::test_particle_system_memory PASSED [ 18%]
tests/test_benchmark.py::TestMemoryUsage::test_save_manager_memory PASSED [ 18%]
tests/test_combo_system.py::TestComboConfig::test_default_config PASSED  [ 18%]
tests/test_combo_system.py::TestComboState::test_default_state PASSED    [ 18%]
tests/test_combo_system.py::TestComboManager::test_initial_state PASSED  [ 18%]
tests/test_combo_system.py::TestComboManager::test_add_action_increments_combo PASSED [ 19%]
tests/test_combo_system.py::TestComboManager::test_add_action_activates_combo PASSED [ 19%]
tests/test_combo_system.py::TestComboManager::test_combo_multiplier_increases PASSED [ 19%]
tests/test_combo_system.py::TestComboManager::test_combo_tier_progression PASSED [ 19%]
tests/test_combo_system.py::TestComboManager::test_combo_reset PASSED    [ 19%]
tests/test_combo_system.py::TestComboManager::test_calculate_score_with_multiplier PASSED [ 19%]
tests/test_combo_system.py::TestComboManager::test_calculate_score_max_multiplier PASSED [ 19%]
tests/test_combo_system.py::TestComboManager::test_get_combo_display PASSED [ 19%]
tests/test_combo_system.py::TestComboManager::test_get_tier_color PASSED [ 19%]
tests/test_combo_system.py::TestComboManager::test_milestone_callback PASSED [ 20%]
tests/test_combo_system.py::TestComboManager::test_update_decay PASSED   [ 20%]
tests/test_combo_system.py::TestComboTier::test_tier_values PASSED       [ 20%]
tests/test_combo_system.py::TestComboType::test_combo_types PASSED       [ 20%]
tests/test_combo_system.py::TestScoreManager::test_initial_score PASSED  [ 20%]
tests/test_combo_system.py::TestScoreManager::test_add_score_without_combo PASSED [ 20%]
tests/test_combo_system.py::TestScoreManager::test_add_score_with_combo PASSED [ 20%]
tests/test_combo_system.py::TestScoreManager::test_get_display_score PASSED [ 20%]
tests/test_combo_system.py::TestScoreManager::test_get_display_score_large PASSED [ 20%]
tests/test_combo_system.py::TestScoreManager::test_reset_score PASSED    [ 21%]
tests/test_combo_system.py::TestScoreManager::test_reset_keep_total FAILED [ 21%]
tests/test_combo_system.py::TestScoreManager::test_add_score_with_chain PASSED [ 21%]
tests/test_combo_system.py::TestComboUI::test_combo_ui_creation PASSED   [ 21%]
tests/test_combo_system.py::TestComboUI::test_draw_inactive_combo PASSED [ 21%]
tests/test_combo_system.py::TestScoreUI::test_score_ui_creation PASSED   [ 21%]
tests/test_combo_system.py::TestScoreUI::test_draw_score PASSED          [ 21%]
tests/test_combo_system.py::TestComboIntegration::test_full_combo_sequence PASSED [ 21%]
tests/test_combo_system.py::TestComboIntegration::test_combo_timeout_and_reset PASSED [ 21%]
tests/test_constants.py::TestConstantsExistence::test_screen_constants PASSED [ 22%]
tests/test_constants.py::TestConstantsExistence::test_color_constants PASSED [ 22%]
tests/test_constants.py::TestConstantsExistence::test_mario_physics_constants PASSED [ 22%]
tests/test_constants.py::TestConstantsExistence::test_mario_states PASSED [ 22%]
tests/test_constants.py::TestConstantsExistence::test_enemy_states PASSED [ 22%]
tests/test_constants.py::TestConstantsExistence::test_game_states PASSED [ 22%]
tests/test_constants.py::TestTimingConstants::test_timing_constants_exist PASSED [ 22%]
tests/test_constants.py::TestScoreConstants::test_score_constants_exist PASSED [ 22%]
tests/test_effect_system.py::TestEffectConfig::test_create_buff_config PASSED [ 22%]
tests/test_effect_system.py::TestEffectConfig::test_create_debuff_config PASSED [ 23%]
tests/test_effect_system.py::TestActiveEffect::test_create_permanent_effect PASSED [ 23%]
tests/test_effect_system.py::TestActiveEffect::test_create_timed_effect PASSED [ 23%]
tests/test_effect_system.py::TestActiveEffect::test_effect_expiration PASSED [ 23%]
tests/test_effect_system.py::TestActiveEffect::test_add_stack PASSED     [ 23%]
tests/test_effect_system.py::TestActiveEffect::test_extend_duration PASSED [ 23%]
tests/test_effect_system.py::TestActiveEffect::test_tick_with_callbacks PASSED [ 23%]
tests/test_effect_system.py::TestEffectManager::test_apply_effect PASSED [ 23%]
tests/test_effect_system.py::TestEffectManager::test_apply_effect_with_modifiers PASSED [ 23%]
tests/test_effect_system.py::TestEffectManager::test_remove_effect PASSED [ 24%]
tests/test_effect_system.py::TestEffectManager::test_remove_effects_by_type PASSED [ 24%]
tests/test_effect_system.py::TestEffectManager::test_clear_all_effects PASSED [ 24%]
tests/test_effect_system.py::TestEffectManager::test_update_expires_effects PASSED [ 24%]
tests/test_effect_system.py::TestEffectManager::test_effect_stacking_none PASSED [ 24%]
tests/test_effect_system.py::TestEffectManager::test_effect_stacking_stack PASSED [ 24%]
tests/test_effect_system.py::TestEffectManager::test_effect_stacking_extend PASSED [ 24%]
tests/test_effect_system.py::TestEffectManager::test_callbacks PASSED    [ 24%]
tests/test_effect_system.py::TestEffectManager::test_get_effects_by_type PASSED [ 25%]
tests/test_effect_system.py::TestEffectPresets::test_preset_effects_exist PASSED [ 25%]
tests/test_effect_system.py::TestEffectPresets::test_create_effect_from_preset PASSED [ 25%]
tests/test_effect_system.py::TestEffectPresets::test_create_invalid_preset PASSED [ 25%]
tests/test_effect_system.py::TestEffectPresets::test_get_effect_config PASSED [ 25%]
tests/test_effect_system.py::TestEffectRegistry::test_register_custom_effect PASSED [ 25%]
tests/test_effect_system.py::TestEffectCategory::test_get_effects_by_category PASSED [ 25%]
tests/test_enhanced_particles_v2.py::TestParticleConfig::test_create_default_config PASSED [ 25%]
tests/test_enhanced_particles_v2.py::TestParticleConfig::test_create_custom_config PASSED [ 25%]
tests/test_enhanced_particles_v2.py::TestEnhancedParticle::test_create_particle PASSED [ 26%]
tests/test_enhanced_particles_v2.py::TestEnhancedParticle::test_create_particle_with_config PASSED [ 26%]
tests/test_enhanced_particles_v2.py::TestEnhancedParticle::test_particle_update PASSED [ 26%]
tests/test_enhanced_particles_v2.py::TestEnhancedParticle::test_particle_expiration PASSED [ 26%]
tests/test_enhanced_particles_v2.py::TestEnhancedParticle::test_particle_gravity PASSED [ 26%]
tests/test_enhanced_particles_v2.py::TestEnhancedParticle::test_particle_color_gradient PASSED [ 26%]
tests/test_enhanced_particles_v2.py::TestEnhancedParticle::test_particle_size_change PASSED [ 26%]
tests/test_enhanced_particles_v2.py::TestEnhancedParticle::test_particle_behaviors PASSED [ 26%]
tests/test_enhanced_particles_v2.py::TestEnhancedParticle::test_particle_homing PASSED [ 26%]
tests/test_enhanced_particles_v2.py::TestEnhancedParticle::test_particle_alpha_fade PASSED [ 27%]
tests/test_enhanced_particles_v2.py::TestEnhancedParticle::test_particle_shapes[ParticleShape.CIRCLE] SKIPPED [ 27%]
tests/test_enhanced_particles_v2.py::TestEnhancedParticle::test_particle_shapes[ParticleShape.SQUARE] SKIPPED [ 27%]
tests/test_enhanced_particles_v2.py::TestEnhancedParticle::test_particle_shapes[ParticleShape.TRIANGLE] SKIPPED [ 27%]
tests/test_enhanced_particles_v2.py::TestEnhancedParticle::test_particle_shapes[ParticleShape.STAR] SKIPPED [ 27%]
tests/test_enhanced_particles_v2.py::TestEnhancedParticle::test_particle_shapes[ParticleShape.RING] SKIPPED [ 27%]
tests/test_enhanced_particles_v2.py::TestEnhancedParticle::test_particle_shapes[ParticleShape.SPARK] SKIPPED [ 27%]
tests/test_enhanced_particles_v2.py::TestEnhancedParticleSystem::test_create_system PASSED [ 27%]
tests/test_enhanced_particles_v2.py::TestEnhancedParticleSystem::test_emit_particles PASSED [ 27%]
tests/test_enhanced_particles_v2.py::TestEnhancedParticleSystem::test_emit_invalid_preset PASSED [ 28%]
tests/test_enhanced_particles_v2.py::TestEnhancedParticleSystem::test_emit_respects_max PASSED [ 28%]
tests/test_enhanced_particles_v2.py::TestEnhancedParticleSystem::test_update_particles PASSED [ 28%]
tests/test_enhanced_particles_v2.py::TestEnhancedParticleSystem::test_update_removes_dead PASSED [ 28%]
tests/test_enhanced_particles_v2.py::TestEnhancedParticleSystem::test_continuous_emission PASSED [ 28%]
tests/test_enhanced_particles_v2.py::TestEnhancedParticleSystem::test_stop_emitter PASSED [ 28%]
tests/test_enhanced_particles_v2.py::TestEnhancedParticleSystem::test_clear_particles PASSED [ 28%]
tests/test_enhanced_particles_v2.py::TestEnhancedParticleSystem::test_particle_pooling PASSED [ 28%]
tests/test_enhanced_particles_v2.py::TestEnhancedParticleSystem::test_get_stats PASSED [ 28%]
tests/test_enhanced_particles_v2.py::TestEnhancedParticleSystem::test_create_effect_explosion PASSED [ 29%]
tests/test_enhanced_particles_v2.py::TestEnhancedParticleSystem::test_create_effect_coin PASSED [ 29%]
tests/test_enhanced_particles_v2.py::TestEnhancedParticleSystem::test_create_effect_powerup PASSED [ 29%]
tests/test_enhanced_particles_v2.py::TestEnhancedParticleSystem::test_create_effect_death PASSED [ 29%]
tests/test_enhanced_particles_v2.py::TestEnhancedParticleSystem::test_config_override PASSED [ 29%]
tests/test_enhanced_particles_v2.py::TestParticlePresets::test_all_presets_exist PASSED [ 29%]
tests/test_enhanced_particles_v2.py::TestParticlePresets::test_fire_preset PASSED [ 29%]
tests/test_enhanced_particles_v2.py::TestParticlePresets::test_spark_preset PASSED [ 29%]
tests/test_enhanced_particles_v2.py::TestParticlePresets::test_magic_preset PASSED [ 29%]
tests/test_enhanced_particles_v2.py::TestGlobalParticleSystem::test_singleton PASSED [ 30%]
tests/test_enhanced_particles_v2.py::TestParticleDrawing::test_draw_on_surface SKIPPED [ 30%]
tests/test_enhanced_particles_v2.py::TestParticleDrawing::test_draw_with_offset SKIPPED [ 30%]
tests/test_enhanced_particles_v2.py::TestParticleDrawing::test_draw_dead_particle PASSED [ 30%]
tests/test_enhanced_particles_v2.py::TestParticleDrawing::test_draw_rotated SKIPPED [ 30%]
tests/test_game_settings.py::TestDifficulty::test_difficulty_values PASSED [ 30%]
tests/test_game_settings.py::TestDifficultyConfig::test_easy_config PASSED [ 30%]
tests/test_game_settings.py::TestDifficultyConfig::test_normal_config PASSED [ 30%]
tests/test_game_settings.py::TestDifficultyConfig::test_hard_config PASSED [ 30%]
tests/test_game_settings.py::TestDifficultyConfig::test_extreme_config PASSED [ 31%]
tests/test_game_settings.py::TestDifficultyConfig::test_difficulty_progression PASSED [ 31%]
tests/test_game_settings.py::TestVideoSettings::test_default_video_settings PASSED [ 31%]
tests/test_game_settings.py::TestVideoSettings::test_apply_video_settings PASSED [ 31%]
tests/test_game_settings.py::TestVideoSettings::test_custom_video_settings PASSED [ 31%]
tests/test_game_settings.py::TestAudioSettings::test_default_audio_settings PASSED [ 31%]
tests/test_game_settings.py::TestAudioSettings::test_get_music_volume PASSED [ 31%]
tests/test_game_settings.py::TestAudioSettings::test_get_sfx_volume PASSED [ 31%]
tests/test_game_settings.py::TestAudioSettings::test_mute_audio PASSED   [ 31%]
tests/test_game_settings.py::TestAudioSettings::test_disabled_audio PASSED [ 32%]
tests/test_game_settings.py::TestControlSettings::test_default_controls PASSED [ 32%]
tests/test_game_settings.py::TestControlSettings::test_get_bindings PASSED [ 32%]
tests/test_game_settings.py::TestControlSettings::test_wasd_controls PASSED [ 32%]
tests/test_game_settings.py::TestGameSettings::test_default_game_settings PASSED [ 32%]
tests/test_game_settings.py::TestGameSettings::test_get_difficulty_config PASSED [ 32%]
tests/test_game_settings.py::TestGameSettings::test_set_difficulty PASSED [ 32%]
tests/test_game_settings.py::TestGameSettings::test_cycle_difficulty PASSED [ 32%]
tests/test_game_settings.py::TestGameSettings::test_to_dict PASSED       [ 32%]
tests/test_game_settings.py::TestGameSettings::test_from_dict PASSED     [ 33%]
tests/test_game_settings.py::TestGameSettings::test_from_dict_invalid_difficulty PASSED [ 33%]
tests/test_game_settings.py::TestSettingsManager::test_init_creates_default_settings PASSED [ 33%]
tests/test_game_settings.py::TestSettingsManager::test_save_and_load_settings PASSED [ 33%]
tests/test_game_settings.py::TestSettingsManager::test_reset_to_defaults PASSED [ 33%]
tests/test_game_settings.py::TestSettingsManager::test_backup_and_restore PASSED [ 33%]
tests/test_game_settings.py::TestSettingsManager::test_get_difficulty_display PASSED [ 33%]
tests/test_game_settings.py::TestSettingsManager::test_get_difficulty_color PASSED [ 33%]
tests/test_game_settings.py::TestSettingsUI::test_ui_creation PASSED     [ 33%]
tests/test_game_settings.py::TestSettingsUI::test_navigation PASSED      [ 34%]
tests/test_game_settings.py::TestSettingsUI::test_select_option PASSED   [ 34%]
tests/test_game_settings.py::TestSettingsUI::test_get_option_value PASSED [ 34%]
tests/test_game_settings.py::TestSettingsUI::test_draw_methods_no_crash PASSED [ 34%]
tests/test_game_settings.py::TestSettingsIntegration::test_full_settings_lifecycle PASSED [ 34%]
tests/test_game_settings.py::TestSettingsIntegration::test_difficulty_affects_gameplay PASSED [ 34%]
tests/test_hint_system.py::TestHintCategory::test_hint_categories PASSED [ 34%]
tests/test_hint_system.py::TestHintPriority::test_hint_priorities PASSED [ 34%]
tests/test_hint_system.py::TestHintState::test_hint_states PASSED        [ 34%]
tests/test_hint_system.py::TestHint::test_hint_creation PASSED           [ 35%]
tests/test_hint_system.py::TestHint::test_hint_with_options PASSED       [ 35%]
tests/test_hint_system.py::TestHintTrigger::test_trigger_creation PASSED [ 35%]
tests/test_hint_system.py::TestHintConditions::test_player_level_condition PASSED [ 35%]
tests/test_hint_system.py::TestHintConditions::test_player_level_big_condition PASSED [ 35%]
tests/test_hint_system.py::TestHintConditions::test_enemy_defeat_condition PASSED [ 35%]
tests/test_hint_system.py::TestHintConditions::test_enemy_defeat_specific_type PASSED [ 35%]
tests/test_hint_system.py::TestHintConditions::test_coin_collection_condition PASSED [ 35%]
tests/test_hint_system.py::TestHintConditions::test_death_condition PASSED [ 35%]
tests/test_hint_system.py::TestHintManager::test_hint_manager_creation PASSED [ 36%]
tests/test_hint_system.py::TestHintManager::test_register_hint PASSED    [ 36%]
tests/test_hint_system.py::TestHintManager::test_register_default_hints PASSED [ 36%]
tests/test_hint_system.py::TestHintManager::test_trigger_hint PASSED     [ 36%]
tests/test_hint_system.py::TestHintManager::test_trigger_disabled PASSED [ 36%]
tests/test_hint_system.py::TestHintManager::test_hint_prerequisites PASSED [ 36%]
tests/test_hint_system.py::TestHintManager::test_hint_cooldown PASSED    [ 36%]
tests/test_hint_system.py::TestHintManager::test_force_show_hint PASSED  [ 36%]
tests/test_hint_system.py::TestHintManager::test_get_hint_progress PASSED [ 36%]
tests/test_hint_system.py::TestHintManager::test_reset PASSED            [ 37%]
tests/test_hint_system.py::TestHintManager::test_update_processes_queue PASSED [ 37%]
tests/test_hint_system.py::TestHintManager::test_hint_display_duration PASSED [ 37%]
tests/test_hint_system.py::TestHintDisplay::test_hint_display_creation PASSED [ 37%]
tests/test_hint_system.py::TestHintDisplay::test_hint_display_draw_no_hint PASSED [ 37%]
tests/test_hint_system.py::TestHintDisplay::test_hint_display_draw_with_hint PASSED [ 37%]
tests/test_hint_system.py::TestHintTriggerSystem::test_trigger_system_creation PASSED [ 37%]
tests/test_hint_system.py::TestHintTriggerSystem::test_register_event PASSED [ 37%]
tests/test_hint_system.py::TestHintTriggerSystem::test_trigger_event PASSED [ 38%]
tests/test_hint_system.py::TestHintTriggerSystem::test_trigger_event_with_data PASSED [ 38%]
tests/test_hint_system.py::TestHintTriggerSystem::test_add_listener PASSED [ 38%]
tests/test_hint_system.py::TestHintTriggerSystem::test_listener_called FAILED [ 38%]
tests/test_hint_system.py::TestHintTriggerSystem::test_get_event_count PASSED [ 38%]
tests/test_hint_system.py::TestHintTriggerSystem::test_reset PASSED      [ 38%]
tests/test_hint_system.py::TestHintIntegration::test_full_hint_workflow PASSED [ 38%]
tests/test_hint_system.py::TestHintIntegration::test_hint_progression_system PASSED [ 38%]
tests/test_hint_system.py::TestHintIntegration::test_hint_with_game_state PASSED [ 38%]
tests/test_input_system.py::TestInputType::test_input_types PASSED       [ 39%]
tests/test_input_system.py::TestInputEvent::test_input_event_creation PASSED [ 39%]
tests/test_input_system.py::TestInputEvent::test_input_event_with_position PASSED [ 39%]
tests/test_input_system.py::TestInputConfig::test_default_config PASSED  [ 39%]
tests/test_input_system.py::TestInputConfig::test_custom_config PASSED   [ 39%]
tests/test_input_system.py::TestInputBuffer::test_buffer_creation PASSED [ 39%]
tests/test_input_system.py::TestInputBuffer::test_add_input PASSED       [ 39%]
tests/test_input_system.py::TestInputBuffer::test_release_input PASSED   [ 39%]
tests/test_input_system.py::TestInputBuffer::test_get_oldest PASSED      [ 39%]
tests/test_input_system.py::TestInputBuffer::test_get_newest PASSED      [ 40%]
tests/test_input_system.py::TestInputBuffer::test_get_within_window PASSED [ 40%]
tests/test_input_system.py::TestInputBuffer::test_consume_input PASSED   [ 40%]
tests/test_input_system.py::TestInputBuffer::test_consume_oldest PASSED  [ 40%]
tests/test_input_system.py::TestInputBuffer::test_clear_buffer PASSED    [ 40%]
tests/test_input_system.py::TestInputBuffer::test_clear_old PASSED       [ 40%]
tests/test_input_system.py::TestInputBuffer::test_is_held PASSED         [ 40%]
tests/test_input_system.py::TestInputBuffer::test_get_combo_sequence PASSED [ 40%]
tests/test_input_system.py::TestInputBuffer::test_matches_combo PASSED   [ 40%]
tests/test_input_system.py::TestInputBuffer::test_buffer_max_size PASSED [ 41%]
tests/test_input_system.py::TestInputManager::test_manager_creation PASSED [ 41%]
tests/test_input_system.py::TestInputManager::test_set_binding PASSED    [ 41%]
tests/test_input_system.py::TestInputManager::test_handle_keydown_event PASSED [ 41%]
tests/test_input_system.py::TestInputManager::test_handle_keyup_event PASSED [ 41%]
tests/test_input_system.py::TestInputManager::test_handle_event_disabled PASSED [ 41%]
tests/test_input_system.py::TestInputManager::test_update PASSED         [ 41%]
tests/test_input_system.py::TestInputManager::test_is_action_pressed PASSED [ 41%]
tests/test_input_system.py::TestInputManager::test_consume_action PASSED [ 41%]
tests/test_input_system.py::TestInputManager::test_get_direction PASSED  [ 42%]
tests/test_input_system.py::TestInputManager::test_get_combo_sequence PASSED [ 42%]
tests/test_input_system.py::TestInputManager::test_reset PASSED          [ 42%]
tests/test_input_system.py::TestComboDetector::test_detector_creation PASSED [ 42%]
tests/test_input_system.py::TestComboDetector::test_register_combo PASSED [ 42%]
tests/test_input_system.py::TestComboDetector::test_check_combo_no_match PASSED [ 42%]
tests/test_input_system.py::TestComboDetector::test_check_combo_match PASSED [ 42%]
tests/test_input_system.py::TestComboDetector::test_combo_cooldown PASSED [ 42%]
tests/test_input_system.py::TestComboDetector::test_reset_detector FAILED [ 42%]
tests/test_input_system.py::TestMarioCombos::test_mario_combos_exist PASSED [ 43%]
tests/test_input_system.py::TestMarioCombos::test_create_mario_combos PASSED [ 43%]
tests/test_input_system.py::TestInputIntegration::test_full_input_flow PASSED [ 43%]
tests/test_input_system.py::TestInputIntegration::test_input_with_buffer_config PASSED [ 43%]
tests/test_input_system.py::TestInputIntegration::test_combo_chain PASSED [ 43%]
tests/test_integration.py::TestGameLoopIntegration::test_control_initialization FAILED [ 43%]
tests/test_integration.py::TestGameLoopIntegration::test_state_transition FAILED [ 43%]
tests/test_integration.py::TestGameLoopIntegration::test_state_persist_data FAILED [ 43%]
tests/test_integration.py::TestResourceLoadingIntegration::test_image_cache_singleton PASSED [ 43%]
tests/test_integration.py::TestResourceLoadingIntegration::test_lazy_loader_caching FAILED [ 44%]
tests/test_integration.py::TestResourceLoadingIntegration::test_load_all_gfx_missing_directory PASSED [ 44%]
tests/test_integration.py::TestComponentIntegration::test_collider_creation PASSED [ 44%]
tests/test_integration.py::TestComponentIntegration::test_collider_collision PASSED [ 44%]
tests/test_integration.py::TestConstantsIntegration::test_constants_submodules PASSED [ 44%]
tests/test_integration.py::TestConstantsIntegration::test_all_constants_accessible PASSED [ 44%]
tests/test_integration.py::TestKeyBindingsIntegration::test_keybindings_default PASSED [ 44%]
tests/test_integration.py::TestKeyBindingsIntegration::test_keybindings_configurable PASSED [ 44%]
tests/test_integration.py::TestKeyBindingsIntegration::test_keybindings_is_action PASSED [ 44%]
tests/test_integration.py::TestEndToEndScenarios::test_full_game_initialization PASSED [ 45%]
tests/test_integration.py::TestEndToEndScenarios::test_multiple_state_cycles FAILED [ 45%]
tests/test_level_loader.py::TestLevelData::test_level_data_creation PASSED [ 45%]
tests/test_level_loader.py::TestLevelData::test_level_data_default_background PASSED [ 45%]
tests/test_level_loader.py::TestLoadLevelFromJson::test_load_level_1_1 PASSED [ 45%]
tests/test_level_loader.py::TestLoadLevelFromJson::test_load_missing_file PASSED [ 45%]
tests/test_level_loader.py::TestSaveLevelToJson::test_save_and_load_roundtrip PASSED [ 45%]
tests/test_level_loader.py::TestCreateLevel1_1::test_create_level_1_1 PASSED [ 45%]
tests/test_level_loader.py::TestCreateLevel1_1::test_level_1_1_brick_count PASSED [ 45%]
tests/test_level_loader.py::TestCreateLevel1_1::test_level_1_1_coin_box_count PASSED [ 46%]
tests/test_level_loader.py::TestCreateLevel1_1::test_level_1_1_pipe_count PASSED [ 46%]
tests/test_level_loader.py::TestCreateLevel1_1::test_level_1_1_enemy_count PASSED [ 46%]
tests/test_level_loader.py::TestTiledLoader::test_tiled_loader_structure PASSED [ 46%]
tests/test_melee_combat.py::TestAttackConfig::test_create_attack_config PASSED [ 46%]
tests/test_melee_combat.py::TestAttackConfig::test_default_values PASSED [ 46%]
tests/test_melee_combat.py::TestHitBox::test_create_hitbox PASSED        [ 46%]
tests/test_melee_combat.py::TestHitBox::test_hitbox_rect PASSED          [ 46%]
tests/test_melee_combat.py::TestHitBox::test_hitbox_contains SKIPPED     [ 46%]
tests/test_melee_combat.py::TestHitBox::test_hitbox_intersects PASSED    [ 47%]
tests/test_melee_combat.py::TestHitBox::test_hitbox_expiration PASSED    [ 47%]
tests/test_melee_combat.py::TestCombatStats::test_default_stats PASSED   [ 47%]
tests/test_melee_combat.py::TestCombatStats::test_stats_update PASSED    [ 47%]
tests/test_melee_combat.py::TestMeleeCombat::test_create_combat PASSED   [ 47%]
tests/test_melee_combat.py::TestMeleeCombat::test_start_light_attack PASSED [ 47%]
tests/test_melee_combat.py::TestMeleeCombat::test_start_invalid_attack PASSED [ 47%]
tests/test_melee_combat.py::TestMeleeCombat::test_attack_state_transitions PASSED [ 47%]
tests/test_melee_combat.py::TestMeleeCombat::test_attack_completion PASSED [ 47%]
tests/test_melee_combat.py::TestMeleeCombat::test_check_hit PASSED       [ 48%]
tests/test_melee_combat.py::TestMeleeCombat::test_hit_prevents_duplicate PASSED [ 48%]
tests/test_melee_combat.py::TestMeleeCombat::test_combo_start PASSED     [ 48%]
tests/test_melee_combat.py::TestMeleeCombat::test_combo_continuation PASSED [ 48%]
tests/test_melee_combat.py::TestMeleeCombat::test_combo_reset SKIPPED    [ 48%]
tests/test_melee_combat.py::TestMeleeCombat::test_get_combo_progress PASSED [ 48%]
tests/test_melee_combat.py::TestMeleeCombat::test_get_current_damage PASSED [ 48%]
tests/test_melee_combat.py::TestMeleeCombat::test_damage_modifier PASSED [ 48%]
tests/test_melee_combat.py::TestMeleeCombat::test_get_stats PASSED       [ 48%]
tests/test_melee_combat.py::TestMeleeCombat::test_stats_update_on_hit PASSED [ 49%]
tests/test_melee_combat.py::TestMeleeCombat::test_reset PASSED           [ 49%]
tests/test_melee_combat.py::TestMeleeCombat::test_attack_cancellation PASSED [ 49%]
tests/test_melee_combat.py::TestMeleeCombat::test_heavy_attack_cannot_cancel PASSED [ 49%]
tests/test_melee_combat.py::TestMeleeCombat::test_aerial_attack PASSED   [ 49%]
tests/test_melee_combat.py::TestMeleeCombat::test_charged_attack PASSED  [ 49%]
tests/test_melee_combat.py::TestMeleeCombat::test_hitbox_creation PASSED [ 49%]
tests/test_melee_combat.py::TestMeleeCombat::test_facing_direction PASSED [ 49%]
tests/test_melee_combat.py::TestMeleeCombat::test_callbacks PASSED       [ 50%]
tests/test_melee_combat.py::TestDefaultAttacks::test_all_attacks_defined PASSED [ 50%]
tests/test_melee_combat.py::TestDefaultAttacks::test_light_attack_config SKIPPED [ 50%]
tests/test_melee_combat.py::TestDefaultAttacks::test_heavy_attack_config SKIPPED [ 50%]
tests/test_melee_combat.py::TestComboDefinitions::test_all_combos_defined PASSED [ 50%]
tests/test_melee_combat.py::TestComboDefinitions::test_basic_combo PASSED [ 50%]
tests/test_melee_combat.py::TestComboDefinitions::test_power_combo PASSED [ 50%]
tests/test_melee_combat.py::TestGlobalCombat::test_get_combat_creates_instance PASSED [ 50%]
tests/test_melee_combat.py::TestGlobalCombat::test_get_combat_returns_same_instance PASSED [ 50%]
tests/test_melee_combat.py::TestGlobalCombat::test_remove_combat PASSED  [ 51%]
tests/test_minimap_system.py::TestMapEntity::test_create_entity PASSED   [ 51%]
tests/test_minimap_system.py::TestMapEntity::test_entity_to_dict PASSED  [ 51%]
tests/test_minimap_system.py::TestMapEntity::test_entity_from_dict PASSED [ 51%]
tests/test_minimap_system.py::TestWaypoint::test_create_waypoint PASSED  [ 51%]
tests/test_minimap_system.py::TestWaypoint::test_completed_waypoint PASSED [ 51%]
tests/test_minimap_system.py::TestMinimapConfig::test_default_config PASSED [ 51%]
tests/test_minimap_system.py::TestMinimapConfig::test_custom_config PASSED [ 51%]
tests/test_minimap_system.py::TestMinimapLogic::test_world_to_minimap SKIPPED [ 51%]
tests/test_minimap_system.py::TestMinimapLogic::test_world_to_minimap_with_camera SKIPPED [ 52%]
tests/test_minimap_system.py::TestMinimapLogic::test_zoom_in SKIPPED     [ 52%]
tests/test_minimap_system.py::TestMinimapLogic::test_zoom_out SKIPPED    [ 52%]
tests/test_minimap_system.py::TestMinimapLogic::test_zoom_limits SKIPPED [ 52%]
tests/test_minimap_system.py::TestMinimapLogic::test_set_zoom SKIPPED    [ 52%]
tests/test_minimap_system.py::TestMinimapLogic::test_get_visible_bounds SKIPPED [ 52%]
tests/test_minimap_system.py::TestMinimapLogic::test_entity_colors PASSED [ 52%]
tests/test_minimap_system.py::TestMarkerShapes::test_all_shapes_exist PASSED [ 52%]
tests/test_minimap_system.py::TestMapEntityTypes::test_all_types_exist PASSED [ 52%]
tests/test_minimap_system.py::TestGlobalMinimap::test_singleton SKIPPED  [ 53%]
tests/test_minimap_system.py::TestGlobalMinimap::test_reset SKIPPED      [ 53%]
tests/test_new_features.py::TestComboManager::test_init PASSED           [ 53%]
tests/test_new_features.py::TestComboManager::test_add_hit_starts_combo PASSED [ 53%]
tests/test_new_features.py::TestComboManager::test_add_hit_continues_combo PASSED [ 53%]
tests/test_new_features.py::TestComboManager::test_multiplier_calculation PASSED [ 53%]
tests/test_new_features.py::TestComboManager::test_combo_expires PASSED  [ 53%]
tests/test_new_features.py::TestComboManager::test_reset PASSED          [ 53%]
tests/test_new_features.py::TestComboManager::test_serialize PASSED      [ 53%]
tests/test_new_features.py::TestComboManager::test_different_combo_types PASSED [ 54%]
tests/test_new_features.py::TestAdvancedParticleSystem::test_init PASSED [ 54%]
tests/test_new_features.py::TestAdvancedParticleSystem::test_emit_particles PASSED [ 54%]
tests/test_new_features.py::TestAdvancedParticleSystem::test_emit_unknown_type PASSED [ 54%]
tests/test_new_features.py::TestAdvancedParticleSystem::test_update_removes_dead_particles PASSED [ 54%]
tests/test_new_features.py::TestAdvancedParticleSystem::test_max_particles_limit PASSED [ 54%]
tests/test_new_features.py::TestAdvancedParticleSystem::test_clear PASSED [ 54%]
tests/test_new_features.py::TestAdvancedParticleSystem::test_stats FAILED [ 54%]
tests/test_new_features.py::TestAdvancedParticleSystem::test_particle_templates_exist PASSED [ 54%]
tests/test_new_features.py::TestHintManager::test_init PASSED            [ 55%]
tests/test_new_features.py::TestHintManager::test_load_default_hints PASSED [ 55%]
tests/test_new_features.py::TestHintManager::test_on_event_queues_hint PASSED [ 55%]
tests/test_new_features.py::TestHintManager::test_show_hint PASSED       [ 55%]
tests/test_new_features.py::TestHintManager::test_hide_hint PASSED       [ 55%]
tests/test_new_features.py::TestHintManager::test_update_shows_queued_hints PASSED [ 55%]
tests/test_new_features.py::TestHintManager::test_force_show_hint PASSED [ 55%]
tests/test_new_features.py::TestHintManager::test_force_show_unknown_hint PASSED [ 55%]
tests/test_new_features.py::TestHintManager::test_get_hints_by_category PASSED [ 55%]
tests/test_new_features.py::TestHintManager::test_tutorial_progress PASSED [ 56%]
tests/test_new_features.py::TestHintManager::test_reset PASSED           [ 56%]
tests/test_new_features.py::TestHintManager::test_serialize_hint PASSED  [ 56%]
tests/test_new_features.py::TestBossSystem::test_bowser_creation PASSED  [ 56%]
tests/test_new_features.py::TestBossSystem::test_mega_goomba_creation PASSED [ 56%]
tests/test_new_features.py::TestBossSystem::test_boss_factory PASSED     [ 56%]
tests/test_new_features.py::TestBossSystem::test_boss_factory_unknown_type PASSED [ 56%]
tests/test_new_features.py::TestBossSystem::test_boss_take_damage PASSED [ 56%]
tests/test_new_features.py::TestBossSystem::test_boss_invincible PASSED  [ 56%]
tests/test_new_features.py::TestBossSystem::test_boss_defeat PASSED      [ 57%]
tests/test_new_features.py::TestBossSystem::test_boss_health_bar FAILED  [ 57%]
tests/test_new_features.py::TestBossSystem::test_boss_stun PASSED        [ 57%]
tests/test_new_features.py::TestBossSystem::test_boss_damage_callback PASSED [ 57%]
tests/test_new_features.py::TestAdvancedEnemies::test_piranha_plant_creation PASSED [ 57%]
tests/test_new_features.py::TestAdvancedEnemies::test_bullet_bill_creation PASSED [ 57%]
tests/test_new_features.py::TestAdvancedEnemies::test_hammer_bro_creation PASSED [ 57%]
tests/test_new_features.py::TestAdvancedEnemies::test_buzzy_beetle_creation PASSED [ 57%]
tests/test_new_features.py::TestAdvancedEnemies::test_enemy_factory PASSED [ 57%]
tests/test_new_features.py::TestAdvancedEnemies::test_enemy_factory_unknown_type PASSED [ 58%]
tests/test_new_features.py::TestAdvancedEnemies::test_piranha_plant_emerge PASSED [ 58%]
tests/test_new_features.py::TestAdvancedEnemies::test_bullet_bill_lifetime PASSED [ 58%]
tests/test_new_features.py::TestAdvancedEnemies::test_hammer_bro_jump PASSED [ 58%]
tests/test_new_features.py::TestIntegration::test_combo_with_particles PASSED [ 58%]
tests/test_new_features.py::TestIntegration::test_hint_on_combo_event PASSED [ 58%]
tests/test_new_features.py::TestIntegration::test_boss_defeat_gives_combo FAILED [ 58%]
tests/test_new_systems.py::TestDialogueLine::test_dialogue_line_creation PASSED [ 58%]
tests/test_new_systems.py::TestDialogueLine::test_dialogue_line_with_options PASSED [ 58%]
tests/test_new_systems.py::TestCharacter::test_character_creation PASSED [ 59%]
tests/test_new_systems.py::TestDialogueBox::test_dialogue_box_creation PASSED [ 59%]
tests/test_new_systems.py::TestDialogueBox::test_show_dialogue PASSED    [ 59%]
tests/test_new_systems.py::TestDialogueBox::test_update_typewriter PASSED [ 59%]
tests/test_new_systems.py::TestDialogueBox::test_advance_dialogue PASSED [ 59%]
tests/test_new_systems.py::TestDialogueBox::test_hide_dialogue PASSED    [ 59%]
tests/test_new_systems.py::TestDialogueManager::test_manager_creation PASSED [ 59%]
tests/test_new_systems.py::TestDialogueManager::test_register_dialogue PASSED [ 59%]
tests/test_new_systems.py::TestDialogueManager::test_start_dialogue PASSED [ 59%]
tests/test_new_systems.py::TestDialogueManager::test_start_invalid_dialogue PASSED [ 60%]
tests/test_new_systems.py::TestDialogueManager::test_end_dialogue PASSED [ 60%]
tests/test_new_systems.py::TestDialogueManager::test_create_default_dialogues PASSED [ 60%]
tests/test_new_systems.py::TestStoryProgression::test_story_creation PASSED [ 60%]
tests/test_new_systems.py::TestStoryProgression::test_mark_event_complete PASSED [ 60%]
tests/test_new_systems.py::TestStoryProgression::test_set_flag PASSED    [ 60%]
tests/test_new_systems.py::TestStoryProgression::test_set_variable PASSED [ 60%]
tests/test_new_systems.py::TestStoryProgression::test_increment_variable PASSED [ 60%]
tests/test_new_systems.py::TestStoryProgression::test_get_progress PASSED [ 60%]
tests/test_new_systems.py::TestScreenshotInfo::test_screenshot_info_creation PASSED [ 61%]
tests/test_new_systems.py::TestScreenshotManager::test_manager_creation PASSED [ 61%]
tests/test_new_systems.py::TestScreenshotManager::test_capture_screenshot PASSED [ 61%]
tests/test_new_systems.py::TestScreenshotManager::test_capture_cooldown PASSED [ 61%]
tests/test_new_systems.py::TestScreenshotManager::test_get_screenshots_by_tag PASSED [ 61%]
tests/test_new_systems.py::TestScreenshotManager::test_get_stats PASSED  [ 61%]
tests/test_new_systems.py::TestAutoScreenshot::test_enable_trigger PASSED [ 61%]
tests/test_new_systems.py::TestAutoScreenshot::test_on_event_triggered PASSED [ 61%]
tests/test_new_systems.py::TestAutoScreenshot::test_on_event_not_triggered PASSED [ 61%]
tests/test_new_systems.py::TestDebugStats::test_debug_stats_creation PASSED [ 62%]
tests/test_new_systems.py::TestDebugOverlay::test_overlay_creation PASSED [ 62%]
tests/test_new_systems.py::TestDebugOverlay::test_toggle_overlay PASSED  [ 62%]
tests/test_new_systems.py::TestDebugOverlay::test_update_stats PASSED    [ 62%]
tests/test_new_systems.py::TestCollisionVisualizer::test_visualizer_creation PASSED [ 62%]
tests/test_new_systems.py::TestCollisionVisualizer::test_toggle_visualizer PASSED [ 62%]
tests/test_new_systems.py::TestDebugConsole::test_console_creation PASSED [ 62%]
tests/test_new_systems.py::TestDebugConsole::test_register_command PASSED [ 62%]
tests/test_new_systems.py::TestDebugConsole::test_execute_command PASSED [ 63%]
tests/test_new_systems.py::TestDebugConsole::test_help_command PASSED    [ 63%]
tests/test_new_systems.py::TestDebugConsole::test_clear_command PASSED   [ 63%]
tests/test_new_systems.py::TestPerformanceProfiler::test_profiler_creation PASSED [ 63%]
tests/test_new_systems.py::TestPerformanceProfiler::test_start_stop_timer PASSED [ 63%]
tests/test_new_systems.py::TestPerformanceProfiler::test_get_stats PASSED [ 63%]
tests/test_new_systems.py::TestPerformanceProfiler::test_reset PASSED    [ 63%]
tests/test_new_systems.py::TestDebugManager::test_manager_creation PASSED [ 63%]
tests/test_new_systems.py::TestDebugManager::test_handle_event_overlay PASSED [ 63%]
tests/test_new_systems.py::TestSessionStats::test_session_stats_creation PASSED [ 64%]
tests/test_new_systems.py::TestLifetimeStats::test_lifetime_stats_creation PASSED [ 64%]
tests/test_new_systems.py::TestStatisticsManager::test_manager_creation PASSED [ 64%]
tests/test_new_systems.py::TestStatisticsManager::test_increment_stat PASSED [ 64%]
tests/test_new_systems.py::TestStatisticsManager::test_increment_multiple PASSED [ 64%]
tests/test_new_systems.py::TestStatisticsManager::test_get_stat PASSED   [ 64%]
tests/test_new_systems.py::TestStatisticsManager::test_get_stat_default PASSED [ 64%]
tests/test_new_systems.py::TestStatisticsManager::test_save_and_load PASSED [ 64%]
tests/test_new_systems.py::TestStatisticsManager::test_get_session_summary PASSED [ 64%]
tests/test_new_systems.py::TestStatisticsManager::test_get_lifetime_summary PASSED [ 65%]
tests/test_new_systems.py::TestStatisticsManager::test_reset_all PASSED  [ 65%]
tests/test_new_systems.py::TestStatsDisplay::test_display_creation PASSED [ 65%]
tests/test_new_systems.py::TestStatsDisplay::test_draw_session_stats PASSED [ 65%]
tests/test_new_systems.py::TestIntegration::test_dialogue_with_story_progression PASSED [ 65%]
tests/test_new_systems.py::TestIntegration::test_screenshot_with_stats PASSED [ 65%]
tests/test_new_systems.py::TestIntegration::test_debug_with_statistics PASSED [ 65%]
tests/test_new_systems.py::TestIntegration::test_full_game_session PASSED [ 65%]
tests/test_pathfinding.py::TestNode::test_create_node PASSED             [ 65%]
tests/test_pathfinding.py::TestNode::test_node_hash PASSED               [ 66%]
tests/test_pathfinding.py::TestNode::test_node_equality PASSED           [ 66%]
tests/test_pathfinding.py::TestNode::test_node_comparison PASSED         [ 66%]
tests/test_pathfinding.py::TestGrid::test_create_grid PASSED             [ 66%]
tests/test_pathfinding.py::TestGrid::test_world_to_grid PASSED           [ 66%]
tests/test_pathfinding.py::TestGrid::test_grid_to_world PASSED           [ 66%]
tests/test_pathfinding.py::TestGrid::test_get_node PASSED                [ 66%]
tests/test_pathfinding.py::TestGrid::test_get_node_out_of_bounds PASSED  [ 66%]
tests/test_pathfinding.py::TestGrid::test_is_walkable PASSED             [ 66%]
tests/test_pathfinding.py::TestGrid::test_set_obstacle PASSED            [ 67%]
tests/test_pathfinding.py::TestGrid::test_remove_obstacle PASSED         [ 67%]
tests/test_pathfinding.py::TestGrid::test_set_walkable PASSED            [ 67%]
tests/test_pathfinding.py::TestGrid::test_get_neighbors PASSED           [ 67%]
tests/test_pathfinding.py::TestGrid::test_get_neighbors_diagonal PASSED  [ 67%]
tests/test_pathfinding.py::TestGrid::test_get_neighbors_with_obstacles PASSED [ 67%]
tests/test_pathfinding.py::TestGrid::test_clear PASSED                   [ 67%]
tests/test_pathfinding.py::TestAStarPathfinder::test_create_pathfinder PASSED [ 67%]
tests/test_pathfinding.py::TestAStarPathfinder::test_find_simple_path PASSED [ 67%]
tests/test_pathfinding.py::TestAStarPathfinder::test_find_path_around_obstacle PASSED [ 68%]
tests/test_pathfinding.py::TestAStarPathfinder::test_no_path PASSED      [ 68%]
tests/test_pathfinding.py::TestAStarPathfinder::test_invalid_start PASSED [ 68%]
tests/test_pathfinding.py::TestAStarPathfinder::test_invalid_goal PASSED [ 68%]
tests/test_pathfinding.py::TestAStarPathfinder::test_path_cost PASSED    [ 68%]
tests/test_pathfinding.py::TestAStarPathfinder::test_diagonal_movement PASSED [ 68%]
tests/test_pathfinding.py::TestAStarPathfinder::test_smooth_path PASSED  [ 68%]
tests/test_pathfinding.py::TestAStarPathfinder::test_line_of_sight SKIPPED [ 68%]
tests/test_pathfinding.py::TestAStarPathfinder::test_blocked_line_of_sight PASSED [ 68%]
tests/test_pathfinding.py::TestJumpPathfinder::test_create_jump_pathfinder PASSED [ 69%]
tests/test_pathfinding.py::TestJumpPathfinder::test_calculate_jump_arc PASSED [ 69%]
tests/test_pathfinding.py::TestJumpPathfinder::test_can_reach_platform PASSED [ 69%]
tests/test_pathfinding.py::TestJumpPathfinder::test_cannot_reach_high_platform PASSED [ 69%]
tests/test_pathfinding.py::TestJumpPathfinder::test_find_jump_path PASSED [ 69%]
tests/test_pathfinding.py::TestGlobalPathfinders::test_get_pathfinder PASSED [ 69%]
tests/test_pathfinding.py::TestGlobalPathfinders::test_get_jump_pathfinder PASSED [ 69%]
tests/test_pathfinding.py::TestGlobalPathfinders::test_reset_pathfinders PASSED [ 69%]
tests/test_pathfinding.py::TestPathResult::test_create_success_result PASSED [ 69%]
tests/test_pathfinding.py::TestPathResult::test_create_failure_result PASSED [ 70%]
tests/test_quest_system.py::TestQuestObjective::test_create_objective PASSED [ 70%]
tests/test_quest_system.py::TestQuestObjective::test_objective_progress PASSED [ 70%]
tests/test_quest_system.py::TestQuestObjective::test_objective_complete PASSED [ 70%]
tests/test_quest_system.py::TestQuestObjective::test_objective_to_dict PASSED [ 70%]
tests/test_quest_system.py::TestQuestObjective::test_objective_from_dict PASSED [ 70%]
tests/test_quest_system.py::TestQuestReward::test_create_reward PASSED   [ 70%]
tests/test_quest_system.py::TestQuestReward::test_reward_to_dict PASSED  [ 70%]
tests/test_quest_system.py::TestQuestReward::test_reward_from_dict PASSED [ 70%]
tests/test_quest_system.py::TestQuest::test_create_quest PASSED          [ 71%]
tests/test_quest_system.py::TestQuest::test_quest_availability PASSED    [ 71%]
tests/test_quest_system.py::TestQuest::test_quest_all_objectives_complete PASSED [ 71%]
tests/test_quest_system.py::TestQuest::test_quest_overall_progress PASSED [ 71%]
tests/test_quest_system.py::TestQuest::test_update_objective PASSED      [ 71%]
tests/test_quest_system.py::TestQuest::test_quest_to_dict PASSED         [ 71%]
tests/test_quest_system.py::TestQuest::test_quest_from_dict PASSED       [ 71%]
tests/test_quest_system.py::TestQuestManager::test_initialize_default_quests PASSED [ 71%]
tests/test_quest_system.py::TestQuestManager::test_accept_quest PASSED   [ 71%]
tests/test_quest_system.py::TestQuestManager::test_accept_locked_quest PASSED [ 72%]
tests/test_quest_system.py::TestQuestManager::test_update_quest_progress PASSED [ 72%]
tests/test_quest_system.py::TestQuestManager::test_claim_reward PASSED   [ 72%]
tests/test_quest_system.py::TestQuestManager::test_claim_uncompleted_quest PASSED [ 72%]
tests/test_quest_system.py::TestQuestManager::test_repeatable_quest PASSED [ 72%]
tests/test_quest_system.py::TestQuestManager::test_prerequisites_check PASSED [ 72%]
tests/test_quest_system.py::TestQuestManager::test_prerequisites_level_requirement PASSED [ 72%]
tests/test_quest_system.py::TestQuestManager::test_set_player_level PASSED [ 72%]
tests/test_quest_system.py::TestQuestManager::test_get_quests_by_type PASSED [ 72%]
tests/test_quest_system.py::TestQuestManager::test_get_quests_by_category PASSED [ 73%]
tests/test_quest_system.py::TestQuestManager::test_get_active_quests PASSED [ 73%]
tests/test_quest_system.py::TestQuestManager::test_get_available_quests PASSED [ 73%]
tests/test_quest_system.py::TestQuestManager::test_quest_summary PASSED  [ 73%]
tests/test_quest_system.py::TestQuestManager::test_save_and_load PASSED  [ 73%]
tests/test_quest_system.py::TestQuestManagerEventMatching::test_match_distance_travel PASSED [ 73%]
tests/test_quest_system.py::TestQuestManagerEventMatching::test_no_match_different_event PASSED [ 73%]
tests/test_quest_system.py::TestGlobalQuestManager::test_get_quest_manager_singleton PASSED [ 73%]
tests/test_resource_manager.py::TestAssetType::test_asset_types PASSED   [ 73%]
tests/test_resource_manager.py::TestAssetState::test_asset_states PASSED [ 74%]
tests/test_resource_manager.py::TestAssetInfo::test_asset_info_creation PASSED [ 74%]
tests/test_resource_manager.py::TestAssetInfo::test_asset_info_with_metadata PASSED [ 74%]
tests/test_resource_manager.py::TestAssetConfig::test_default_config PASSED [ 74%]
tests/test_resource_manager.py::TestAssetConfig::test_custom_config PASSED [ 74%]
tests/test_resource_manager.py::TestPresetConfigs::test_preset_configs_exist PASSED [ 74%]
tests/test_resource_manager.py::TestPresetConfigs::test_development_config PASSED [ 74%]
tests/test_resource_manager.py::TestPresetConfigs::test_production_config PASSED [ 74%]
tests/test_resource_manager.py::TestResourceLoader::test_load_image_nonexistent PASSED [ 75%]
tests/test_resource_manager.py::TestResourceLoader::test_load_sound_nonexistent PASSED [ 75%]
tests/test_resource_manager.py::TestResourceLoader::test_load_music_nonexistent PASSED [ 75%]
tests/test_resource_manager.py::TestResourceLoader::test_load_data_json PASSED [ 75%]
tests/test_resource_manager.py::TestResourceLoader::test_load_data_text PASSED [ 75%]
tests/test_resource_manager.py::TestAssetManager::test_manager_creation PASSED [ 75%]
tests/test_resource_manager.py::TestAssetManager::test_set_base_path PASSED [ 75%]
tests/test_resource_manager.py::TestAssetManager::test_set_directory PASSED [ 75%]
tests/test_resource_manager.py::TestAssetManager::test_load_image PASSED [ 75%]
tests/test_resource_manager.py::TestAssetManager::test_load_data PASSED  [ 76%]
tests/test_resource_manager.py::TestAssetManager::test_load_nonexistent PASSED [ 76%]
tests/test_resource_manager.py::TestAssetManager::test_get_asset PASSED  [ 76%]
tests/test_resource_manager.py::TestAssetManager::test_get_nonexistent_asset PASSED [ 76%]
tests/test_resource_manager.py::TestAssetManager::test_get_or_load PASSED [ 76%]
tests/test_resource_manager.py::TestAssetManager::test_load_batch PASSED [ 76%]
tests/test_resource_manager.py::TestAssetManager::test_unload_asset FAILED [ 76%]
tests/test_resource_manager.py::TestAssetManager::test_unload_unused PASSED [ 76%]
tests/test_resource_manager.py::TestAssetManager::test_clear_assets PASSED [ 76%]
tests/test_resource_manager.py::TestAssetManager::test_get_info PASSED   [ 77%]
tests/test_resource_manager.py::TestAssetManager::test_get_stats PASSED  [ 77%]
tests/test_resource_manager.py::TestAssetManager::test_ref_count_increment PASSED [ 77%]
tests/test_resource_manager.py::TestAssetManager::test_load_same_asset_twice PASSED [ 77%]
tests/test_resource_manager.py::TestAssetManager::test_set_callbacks PASSED [ 77%]
tests/test_resource_manager.py::TestSpriteSheet::test_sprite_sheet_creation PASSED [ 77%]
tests/test_resource_manager.py::TestSpriteSheet::test_get_sprite PASSED  [ 77%]
tests/test_resource_manager.py::TestSpriteSheet::test_get_sprite_cached PASSED [ 77%]
tests/test_resource_manager.py::TestSpriteSheet::test_get_sprites_in_row PASSED [ 77%]
tests/test_resource_manager.py::TestSpriteSheet::test_get_animation_frames PASSED [ 78%]
tests/test_resource_manager.py::TestCreateAssetManager::test_create_with_preset PASSED [ 78%]
tests/test_resource_manager.py::TestCreateAssetManager::test_create_with_base_path PASSED [ 78%]
tests/test_resource_manager.py::TestCreateAssetManager::test_create_invalid_preset PASSED [ 78%]
tests/test_resource_manager.py::TestAssetManagerIntegration::test_full_asset_workflow ERROR [ 78%]
tests/test_resource_manager.py::TestAssetManagerIntegration::test_asset_with_callbacks ERROR [ 78%]
tests/test_resource_manager.py::TestAssetManagerIntegration::test_sprite_sheet_workflow PASSED [ 78%]
tests/test_resource_manager.py::TestAssetManagerIntegration::test_multiple_asset_types ERROR [ 78%]
tests/test_save_system.py::TestGameSave::test_game_save_creation PASSED  [ 78%]
tests/test_save_system.py::TestGameSave::test_game_save_to_dict PASSED   [ 79%]
tests/test_save_system.py::TestGameSave::test_game_save_from_dict PASSED [ 79%]
tests/test_save_system.py::TestGameSave::test_game_save_roundtrip PASSED [ 79%]
tests/test_save_system.py::TestSaveLoad::test_save_and_load PASSED       [ 79%]
tests/test_save_system.py::TestSaveLoad::test_load_nonexistent PASSED    [ 79%]
tests/test_save_system.py::TestSaveLoad::test_delete_save PASSED         [ 79%]
tests/test_save_system.py::TestSaveLoad::test_save_exists FAILED         [ 79%]
tests/test_save_system.py::TestSaveLoad::test_get_save_info FAILED       [ 79%]
tests/test_save_system.py::TestGameInfoConversion::test_create_save_from_game_info PASSED [ 79%]
tests/test_save_system.py::TestGameInfoConversion::test_update_game_info_from_save PASSED [ 80%]
tests/test_tools.py::TestKeybinding::test_keybinding_exists PASSED       [ 80%]
tests/test_tools.py::TestKeybinding::test_keybinding_required_keys PASSED [ 80%]
tests/test_tools.py::TestControl::test_control_creation FAILED           [ 80%]
tests/test_tools.py::TestControl::test_control_setup_states FAILED       [ 80%]
tests/test_tools.py::TestControl::test_control_flip_state FAILED         [ 80%]
tests/test_tools.py::TestState::test_state_creation PASSED               [ 80%]
tests/test_tools.py::TestState::test_state_startup PASSED                [ 80%]
tests/test_tools.py::TestState::test_state_cleanup PASSED                [ 80%]
tests/test_tools.py::TestState::test_state_get_event PASSED              [ 81%]
tests/test_tools.py::TestState::test_state_update PASSED                 [ 81%]
tests/test_ui.py::TestButtonStyle::test_default_style PASSED             [ 81%]
tests/test_ui.py::TestButtonStyle::test_custom_style PASSED              [ 81%]
tests/test_ui.py::TestMenuItem::test_menu_item_creation PASSED           [ 81%]
tests/test_ui.py::TestMenuItem::test_menu_item_with_callback PASSED      [ 81%]
tests/test_ui.py::TestUIButton::test_button_creation PASSED              [ 81%]
tests/test_ui.py::TestUIButton::test_button_position PASSED              [ 81%]
tests/test_ui.py::TestUIButton::test_button_hover PASSED                 [ 81%]
tests/test_ui.py::TestUIButton::test_button_callback PASSED              [ 82%]
tests/test_ui.py::TestUIButton::test_button_disable PASSED               [ 82%]
tests/test_ui.py::TestUIButton::test_button_set_position PASSED          [ 82%]
tests/test_ui.py::TestUIButton::test_button_draw_no_crash PASSED         [ 82%]
tests/test_ui.py::TestUILabel::test_label_creation PASSED                [ 82%]
tests/test_ui.py::TestUILabel::test_label_set_text PASSED                [ 82%]
tests/test_ui.py::TestUILabel::test_label_visibility PASSED              [ 82%]
tests/test_ui.py::TestUILabel::test_label_draw_no_crash PASSED           [ 82%]
tests/test_ui.py::TestAnimatedMenu::test_menu_creation PASSED            [ 82%]
tests/test_ui.py::TestAnimatedMenu::test_add_button PASSED               [ 83%]
tests/test_ui.py::TestAnimatedMenu::test_add_label PASSED                [ 83%]
tests/test_ui.py::TestAnimatedMenu::test_show_hide PASSED                [ 83%]
tests/test_ui.py::TestAnimatedMenu::test_menu_clear PASSED               [ 83%]
tests/test_ui.py::TestAnimatedMenu::test_menu_update PASSED              [ 83%]
tests/test_ui.py::TestAnimatedMenu::test_menu_draw PASSED                [ 83%]
tests/test_ui.py::TestMainMenu::test_main_menu_creation PASSED           [ 83%]
tests/test_ui.py::TestMainMenu::test_main_menu_buttons PASSED            [ 83%]
tests/test_ui.py::TestPauseMenu::test_pause_menu_creation PASSED         [ 83%]
tests/test_ui.py::TestPauseMenu::test_pause_menu_buttons PASSED          [ 84%]
tests/test_ui.py::TestHUD::test_hud_creation PASSED                      [ 84%]
tests/test_ui.py::TestHUD::test_hud_set_values PASSED                    [ 84%]
tests/test_ui.py::TestHUD::test_hud_set_combo PASSED                     [ 84%]
tests/test_ui.py::TestHUD::test_hud_draw_no_crash PASSED                 [ 84%]
tests/test_ui.py::TestUIManager::test_ui_manager_creation PASSED         [ 84%]
tests/test_ui.py::TestUIManager::test_show_main_menu PASSED              [ 84%]
tests/test_ui.py::TestUIManager::test_show_pause_menu PASSED             [ 84%]
tests/test_ui.py::TestUIManager::test_hide_menu PASSED                   [ 84%]
tests/test_ui.py::TestUIManager::test_show_hide_hud PASSED               [ 85%]
tests/test_ui.py::TestUIManager::test_ui_manager_update PASSED           [ 85%]
tests/test_ui.py::TestUIManager::test_ui_manager_draw PASSED             [ 85%]
tests/test_ui.py::TestUIIntegration::test_full_menu_flow PASSED          [ 85%]
tests/test_ui.py::TestUIIntegration::test_hud_with_game_state PASSED     [ 85%]
tests/test_ui.py::TestUIIntegration::test_button_interaction_sequence PASSED [ 85%]
tests/test_v26_systems.py::TestPlayerProgression::test_init PASSED       [ 85%]
tests/test_v26_systems.py::TestPlayerProgression::test_add_xp PASSED     [ 85%]
tests/test_v26_systems.py::TestPlayerProgression::test_level_up PASSED   [ 85%]
tests/test_v26_systems.py::TestPlayerProgression::test_xp_formula PASSED [ 86%]
tests/test_v26_systems.py::TestPlayerProgression::test_get_xp_progress PASSED [ 86%]
tests/test_v26_systems.py::TestPlayerProgression::test_get_player_rank PASSED [ 86%]
tests/test_v26_systems.py::TestPlayerProgression::test_add_stat PASSED   [ 86%]
tests/test_v26_systems.py::TestPlayerProgression::test_skill_unlock PASSED [ 86%]
tests/test_v26_systems.py::TestPlayerProgression::test_get_skill_effect PASSED [ 86%]
tests/test_v26_systems.py::TestPlayerProgression::test_skin_unlock PASSED [ 86%]
tests/test_v26_systems.py::TestPlayerProgression::test_set_current_skin PASSED [ 86%]
tests/test_v26_systems.py::TestPlayerProgression::test_get_summary PASSED [ 86%]
tests/test_v26_systems.py::TestPlayerProgression::test_save_load PASSED  [ 87%]
tests/test_v26_systems.py::TestSkinSystem::test_init ERROR               [ 87%]
tests/test_v26_systems.py::TestSkinSystem::test_get_skin ERROR           [ 87%]
tests/test_v26_systems.py::TestSkinSystem::test_unlock_skin ERROR        [ 87%]
tests/test_v26_systems.py::TestSkinSystem::test_unlock_already_unlocked ERROR [ 87%]
tests/test_v26_systems.py::TestSkinSystem::test_set_current_skin ERROR   [ 87%]
tests/test_v26_systems.py::TestSkinSystem::test_set_locked_skin ERROR    [ 87%]
tests/test_v26_systems.py::TestSkinSystem::test_check_unlock_conditions ERROR [ 87%]
tests/test_v26_systems.py::TestSkinSystem::test_get_unlocked_skins ERROR [ 88%]
tests/test_v26_systems.py::TestSkinSystem::test_get_skins_by_category ERROR [ 88%]
tests/test_v26_systems.py::TestSkinSystem::test_get_skins_by_rarity ERROR [ 88%]
tests/test_v26_systems.py::TestSkinSystem::test_get_skin_bonus ERROR     [ 88%]
tests/test_v26_systems.py::TestSkinSystem::test_get_summary ERROR        [ 88%]
tests/test_v26_systems.py::TestChallengeSystem::test_init PASSED         [ 88%]
tests/test_v26_systems.py::TestChallengeSystem::test_get_daily_challenges PASSED [ 88%]
tests/test_v26_systems.py::TestChallengeSystem::test_get_weekly_challenges PASSED [ 88%]
tests/test_v26_systems.py::TestChallengeSystem::test_update_progress_enemy_kill PASSED [ 88%]
tests/test_v26_systems.py::TestChallengeSystem::test_update_progress_coin_collect PASSED [ 89%]
tests/test_v26_systems.py::TestChallengeSystem::test_challenge_progress_property PASSED [ 89%]
tests/test_v26_systems.py::TestChallengeSystem::test_challenge_completion PASSED [ 89%]
tests/test_v26_systems.py::TestChallengeSystem::test_claim_reward PASSED [ 89%]
tests/test_v26_systems.py::TestChallengeSystem::test_claim_uncompleted_reward PASSED [ 89%]
tests/test_v26_systems.py::TestChallengeSystem::test_get_summary PASSED  [ 89%]
tests/test_v26_systems.py::TestAdvancedAI::test_ai_init PASSED           [ 89%]
tests/test_v26_systems.py::TestAdvancedAI::test_ai_with_config PASSED    [ 89%]
tests/test_v26_systems.py::TestAdvancedAI::test_detect_target ERROR      [ 89%]
tests/test_v26_systems.py::TestAdvancedAI::test_target_out_of_range ERROR [ 90%]
tests/test_v26_systems.py::TestAdvancedAI::test_make_decision_no_target PASSED [ 90%]
tests/test_v26_systems.py::TestAdvancedAI::test_make_decision_with_target ERROR [ 90%]
tests/test_v26_systems.py::TestAdvancedAI::test_set_behavior PASSED      [ 90%]
tests/test_v26_systems.py::TestAdvancedAI::test_add_patrol_point PASSED  [ 90%]
tests/test_v26_systems.py::TestAdvancedAI::test_group_ai_creation PASSED [ 90%]
tests/test_v26_systems.py::TestAdvancedAI::test_group_ai_strategies PASSED [ 90%]
tests/test_v26_systems.py::TestAdvancedAI::test_ai_director_init PASSED  [ 90%]
tests/test_v26_systems.py::TestAdvancedAI::test_ai_director_update FAILED [ 90%]
tests/test_v26_systems.py::TestAdvancedAI::test_ai_director_tension FAILED [ 91%]
tests/test_v26_systems.py::TestAdvancedAI::test_ai_director_difficulty_adjustment PASSED [ 91%]
tests/test_v26_systems.py::TestIntegration::test_progression_with_challenges PASSED [ 91%]
tests/test_v26_systems.py::TestIntegration::test_skin_bonus_with_progression FAILED [ 91%]
tests/test_wave2_systems.py::TestEventSystem::test_event_creation PASSED [ 91%]
tests/test_wave2_systems.py::TestEventSystem::test_event_cancellation PASSED [ 91%]
tests/test_wave2_systems.py::TestEventSystem::test_event_manager_emit PASSED [ 91%]
tests/test_wave2_systems.py::TestEventSystem::test_event_priority PASSED [ 91%]
tests/test_wave2_systems.py::TestEventSystem::test_event_once PASSED     [ 91%]
tests/test_wave2_systems.py::TestEventSystem::test_global_handler PASSED [ 92%]
tests/test_wave2_systems.py::TestEventSystem::test_event_stats PASSED    [ 92%]
tests/test_wave2_systems.py::TestRenderSystem::test_sprite_renderer_creation PASSED [ 92%]
tests/test_wave2_systems.py::TestRenderSystem::test_sprite_batching PASSED [ 92%]
tests/test_wave2_systems.py::TestRenderSystem::test_viewport_culling PASSED [ 92%]
tests/test_wave2_systems.py::TestProfiler::test_profiler_creation PASSED [ 92%]
tests/test_wave2_systems.py::TestProfiler::test_profiler_start_stop PASSED [ 92%]
tests/test_wave2_systems.py::TestProfiler::test_profiler_frame_timing PASSED [ 92%]
tests/test_wave2_systems.py::TestProfiler::test_profiler_section PASSED  [ 92%]
tests/test_wave2_systems.py::TestProfiler::test_profiler_stats PASSED    [ 93%]
tests/test_wave2_systems.py::TestDebugUtils::test_debug_overlay_creation PASSED [ 93%]
tests/test_wave2_systems.py::TestDebugUtils::test_debug_overlay_toggle PASSED [ 93%]
tests/test_wave2_systems.py::TestDebugUtils::test_debug_console_creation PASSED [ 93%]
tests/test_wave2_systems.py::TestDebugUtils::test_debug_console_commands PASSED [ 93%]
tests/test_wave2_systems.py::TestDebugUtils::test_hitbox_visualizer PASSED [ 93%]
tests/test_wave2_systems.py::TestDialogSystem::test_dialog_manager_creation PASSED [ 93%]
tests/test_wave2_systems.py::TestDialogSystem::test_dialog_load_from_dict PASSED [ 93%]
tests/test_wave2_systems.py::TestDialogSystem::test_dialog_start PASSED  [ 93%]
tests/test_wave2_systems.py::TestDialogSystem::test_dialog_start_invalid PASSED [ 94%]
tests/test_wave2_systems.py::TestDialogSystem::test_dialog_update PASSED [ 94%]
tests/test_wave2_systems.py::TestDialogSystem::test_dialog_advance PASSED [ 94%]
tests/test_wave2_systems.py::TestDialogSystem::test_dialog_end PASSED    [ 94%]
tests/test_wave2_systems.py::TestDialogSystem::test_dialog_choices PASSED [ 94%]
tests/test_wave2_systems.py::TestController::test_controller_manager_creation PASSED [ 94%]
tests/test_wave2_systems.py::TestController::test_controller_config PASSED [ 94%]
tests/test_wave2_systems.py::TestController::test_controller_config_to_dict PASSED [ 94%]
tests/test_wave2_systems.py::TestController::test_controller_config_from_dict PASSED [ 94%]
tests/test_weather_system.py::TestWeatherType::test_weather_types PASSED [ 95%]
tests/test_weather_system.py::TestTimeOfDay::test_time_of_day_values PASSED [ 95%]
tests/test_weather_system.py::TestWeatherConfig::test_default_config PASSED [ 95%]
tests/test_weather_system.py::TestWeatherConfig::test_custom_config PASSED [ 95%]
tests/test_weather_system.py::TestTimeConfig::test_default_time_config PASSED [ 95%]
tests/test_weather_system.py::TestDrop::test_drop_creation PASSED        [ 95%]
tests/test_weather_system.py::TestCloud::test_cloud_creation PASSED      [ 95%]
tests/test_weather_system.py::TestWeatherEffect::test_weather_effect_creation PASSED [ 95%]
tests/test_weather_system.py::TestWeatherEffect::test_set_weather PASSED [ 95%]
tests/test_weather_system.py::TestWeatherEffect::test_set_weather_intensity_clamped PASSED [ 96%]
tests/test_weather_system.py::TestWeatherEffect::test_update_rain PASSED [ 96%]
tests/test_weather_system.py::TestWeatherEffect::test_update_snow PASSED [ 96%]
tests/test_weather_system.py::TestWeatherEffect::test_update_clouds PASSED [ 96%]
tests/test_weather_system.py::TestWeatherEffect::test_draw_no_crash PASSED [ 96%]
tests/test_weather_system.py::TestWeatherEffect::test_clear_weather_no_draw PASSED [ 96%]
tests/test_weather_system.py::TestDayNightCycle::test_day_night_creation PASSED [ 96%]
tests/test_weather_system.py::TestDayNightCycle::test_get_sky_color PASSED [ 96%]
tests/test_weather_system.py::TestDayNightCycle::test_set_hour PASSED    [ 96%]
tests/test_weather_system.py::TestDayNightCycle::test_set_hour_wraps PASSED [ 97%]
tests/test_weather_system.py::TestDayNightCycle::test_time_of_day_transitions PASSED [ 97%]
tests/test_weather_system.py::TestDayNightCycle::test_is_daytime PASSED  [ 97%]
tests/test_weather_system.py::TestDayNightCycle::test_is_nighttime PASSED [ 97%]
tests/test_weather_system.py::TestDayNightCycle::test_get_time_display PASSED [ 97%]
tests/test_weather_system.py::TestDayNightCycle::test_update_time PASSED [ 97%]
tests/test_weather_system.py::TestDayNightCycle::test_update_disabled PASSED [ 97%]
tests/test_weather_system.py::TestDayNightCycle::test_draw_no_crash PASSED [ 97%]
tests/test_weather_system.py::TestDayNightCycle::test_set_time_scale PASSED [ 97%]
tests/test_weather_system.py::TestWeatherManager::test_weather_manager_creation PASSED [ 98%]
tests/test_weather_system.py::TestWeatherManager::test_set_weather PASSED [ 98%]
tests/test_weather_system.py::TestWeatherManager::test_set_time PASSED   [ 98%]
tests/test_weather_system.py::TestWeatherManager::test_toggle_weather PASSED [ 98%]
tests/test_weather_system.py::TestWeatherManager::test_toggle_day_night PASSED [ 98%]
tests/test_weather_system.py::TestWeatherManager::test_update PASSED     [ 98%]
tests/test_weather_system.py::TestWeatherManager::test_draw PASSED       [ 98%]
tests/test_weather_system.py::TestWeatherManager::test_get_time_display PASSED [ 98%]
tests/test_weather_system.py::TestSeasonalTheme::test_seasonal_theme_creation PASSED [ 98%]
tests/test_weather_system.py::TestSeasonalTheme::test_invalid_season_defaults PASSED [ 99%]
tests/test_weather_system.py::TestSeasonalTheme::test_apply_theme PASSED [ 99%]
tests/test_weather_system.py::TestSeasonalTheme::test_change_season PASSED [ 99%]
tests/test_weather_system.py::TestSeasonalTheme::test_get_season_colors PASSED [ 99%]
tests/test_weather_system.py::TestSeasonalTheme::test_all_seasons_exist PASSED [ 99%]
tests/test_weather_system.py::TestWeatherIntegration::test_full_weather_cycle FAILED [ 99%]
tests/test_weather_system.py::TestWeatherIntegration::test_day_night_full_cycle PASSED [ 99%]
tests/test_weather_system.py::TestWeatherIntegration::test_seasonal_weather_changes PASSED [ 99%]
tests/test_weather_system.py::TestWeatherIntegration::test_weather_with_time_progression PASSED [100%]

=================================== ERRORS ====================================
_______ ERROR at setup of TestParticleBenchmark.test_particle_creation ________
file C:\Users\maksi\OneDrive\Documents\GitHub\Mario-Level-1\tests\test_benchmark.py, line 43
      def test_particle_creation(self, benchmark, init_pygame):
E       fixture 'benchmark' not found
>       available fixtures: _class_scoped_runner, _configure_application, _function_scoped_runner, _module_scoped_runner, _monkeypatch_response_class, _package_scoped_runner, _push_request_context, _session_faker, _session_scoped_runner, accept_any, accept_json, accept_jsonp, accept_mimetype, anyio_backend, anyio_backend_name, anyio_backend_options, benchmark_threshold, cache, capfd, capfdbinary, caplog, capsys, capsysbinary, client, client_class, clock, config, cov, dash_br, dash_duo, dash_duo_mp, dash_multi_process_server, dash_process_server, dash_thread_server, dashjl, dashjl_server, dashr, dashr_server, diskcache_manager, doctest_namespace, event_loop_policy, faker, free_tcp_port, free_tcp_port_factory, free_udp_port, free_udp_port_factory, init_pygame, live_server, monkeypatch, no_cover, pytestconfig, record_property, record_testsuite_property, record_xml_attribute, recwarn, screen, tmp_path, tmp_path_factory, tmpdir, tmpdir_factory, unused_tcp_port, unused_tcp_port_factory, unused_udp_port, unused_udp_port_factory
>       use 'pytest --fixtures [testpath]' for help on them.

C:\Users\maksi\OneDrive\Documents\GitHub\Mario-Level-1\tests\test_benchmark.py:43
________ ERROR at setup of TestParticleBenchmark.test_particle_update _________
file C:\Users\maksi\OneDrive\Documents\GitHub\Mario-Level-1\tests\test_benchmark.py, line 55
      def test_particle_update(self, benchmark, init_pygame):
E       fixture 'benchmark' not found
>       available fixtures: _class_scoped_runner, _configure_application, _function_scoped_runner, _module_scoped_runner, _monkeypatch_response_class, _package_scoped_runner, _push_request_context, _session_faker, _session_scoped_runner, accept_any, accept_json, accept_jsonp, accept_mimetype, anyio_backend, anyio_backend_name, anyio_backend_options, benchmark_threshold, cache, capfd, capfdbinary, caplog, capsys, capsysbinary, client, client_class, clock, config, cov, dash_br, dash_duo, dash_duo_mp, dash_multi_process_server, dash_process_server, dash_thread_server, dashjl, dashjl_server, dashr, dashr_server, diskcache_manager, doctest_namespace, event_loop_policy, faker, free_tcp_port, free_tcp_port_factory, free_udp_port, free_udp_port_factory, init_pygame, live_server, monkeypatch, no_cover, pytestconfig, record_property, record_testsuite_property, record_xml_attribute, recwarn, screen, tmp_path, tmp_path_factory, tmpdir, tmpdir_factory, unused_tcp_port, unused_tcp_port_factory, unused_udp_port, unused_udp_port_factory
>       use 'pytest --fixtures [testpath]' for help on them.

C:\Users\maksi\OneDrive\Documents\GitHub\Mario-Level-1\tests\test_benchmark.py:55
_____ ERROR at setup of TestParticleBenchmark.test_particle_batch_render ______
file C:\Users\maksi\OneDrive\Documents\GitHub\Mario-Level-1\tests\test_benchmark.py, line 71
      def test_particle_batch_render(self, benchmark, init_pygame):
E       fixture 'benchmark' not found
>       available fixtures: _class_scoped_runner, _configure_application, _function_scoped_runner, _module_scoped_runner, _monkeypatch_response_class, _package_scoped_runner, _push_request_context, _session_faker, _session_scoped_runner, accept_any, accept_json, accept_jsonp, accept_mimetype, anyio_backend, anyio_backend_name, anyio_backend_options, benchmark_threshold, cache, capfd, capfdbinary, caplog, capsys, capsysbinary, client, client_class, clock, config, cov, dash_br, dash_duo, dash_duo_mp, dash_multi_process_server, dash_process_server, dash_thread_server, dashjl, dashjl_server, dashr, dashr_server, diskcache_manager, doctest_namespace, event_loop_policy, faker, free_tcp_port, free_tcp_port_factory, free_udp_port, free_udp_port_factory, init_pygame, live_server, monkeypatch, no_cover, pytestconfig, record_property, record_testsuite_property, record_xml_attribute, recwarn, screen, tmp_path, tmp_path_factory, tmpdir, tmpdir_factory, unused_tcp_port, unused_tcp_port_factory, unused_udp_port, unused_udp_port_factory
>       use 'pytest --fixtures [testpath]' for help on them.

C:\Users\maksi\OneDrive\Documents\GitHub\Mario-Level-1\tests\test_benchmark.py:71
_______ ERROR at setup of TestCollisionBenchmark.test_collider_creation _______
file C:\Users\maksi\OneDrive\Documents\GitHub\Mario-Level-1\tests\test_benchmark.py, line 95
      def test_collider_creation(self, benchmark):
E       fixture 'benchmark' not found
>       available fixtures: _class_scoped_runner, _configure_application, _function_scoped_runner, _module_scoped_runner, _monkeypatch_response_class, _package_scoped_runner, _push_request_context, _session_faker, _session_scoped_runner, accept_any, accept_json, accept_jsonp, accept_mimetype, anyio_backend, anyio_backend_name, anyio_backend_options, benchmark_threshold, cache, capfd, capfdbinary, caplog, capsys, capsysbinary, client, client_class, clock, config, cov, dash_br, dash_duo, dash_duo_mp, dash_multi_process_server, dash_process_server, dash_thread_server, dashjl, dashjl_server, dashr, dashr_server, diskcache_manager, doctest_namespace, event_loop_policy, faker, free_tcp_port, free_tcp_port_factory, free_udp_port, free_udp_port_factory, init_pygame, live_server, monkeypatch, no_cover, pytestconfig, record_property, record_testsuite_property, record_xml_attribute, recwarn, screen, tmp_path, tmp_path_factory, tmpdir, tmpdir_factory, unused_tcp_port, unused_tcp_port_factory, unused_udp_port, unused_udp_port_factory
>       use 'pytest --fixtures [testpath]' for help on them.

C:\Users\maksi\OneDrive\Documents\GitHub\Mario-Level-1\tests\test_benchmark.py:95
___ ERROR at setup of TestCollisionBenchmark.test_collider_collision_check ____
file C:\Users\maksi\OneDrive\Documents\GitHub\Mario-Level-1\tests\test_benchmark.py, line 105
      def test_collider_collision_check(self, benchmark, init_pygame):
E       fixture 'benchmark' not found
>       available fixtures: _class_scoped_runner, _configure_application, _function_scoped_runner, _module_scoped_runner, _monkeypatch_response_class, _package_scoped_runner, _push_request_context, _session_faker, _session_scoped_runner, accept_any, accept_json, accept_jsonp, accept_mimetype, anyio_backend, anyio_backend_name, anyio_backend_options, benchmark_threshold, cache, capfd, capfdbinary, caplog, capsys, capsysbinary, client, client_class, clock, config, cov, dash_br, dash_duo, dash_duo_mp, dash_multi_process_server, dash_process_server, dash_thread_server, dashjl, dashjl_server, dashr, dashr_server, diskcache_manager, doctest_namespace, event_loop_policy, faker, free_tcp_port, free_tcp_port_factory, free_udp_port, free_udp_port_factory, init_pygame, live_server, monkeypatch, no_cover, pytestconfig, record_property, record_testsuite_property, record_xml_attribute, recwarn, screen, tmp_path, tmp_path_factory, tmpdir, tmpdir_factory, unused_tcp_port, unused_tcp_port_factory, unused_udp_port, unused_udp_port_factory
>       use 'pytest --fixtures [testpath]' for help on them.

C:\Users\maksi\OneDrive\Documents\GitHub\Mario-Level-1\tests\test_benchmark.py:105
___ ERROR at setup of TestResourceLoadingBenchmark.test_image_cache_loading ___
file C:\Users\maksi\OneDrive\Documents\GitHub\Mario-Level-1\tests\test_benchmark.py, line 127
      def test_image_cache_loading(self, benchmark, init_pygame):
E       fixture 'benchmark' not found
>       available fixtures: _class_scoped_runner, _configure_application, _function_scoped_runner, _module_scoped_runner, _monkeypatch_response_class, _package_scoped_runner, _push_request_context, _session_faker, _session_scoped_runner, accept_any, accept_json, accept_jsonp, accept_mimetype, anyio_backend, anyio_backend_name, anyio_backend_options, benchmark_threshold, cache, capfd, capfdbinary, caplog, capsys, capsysbinary, client, client_class, clock, config, cov, dash_br, dash_duo, dash_duo_mp, dash_multi_process_server, dash_process_server, dash_thread_server, dashjl, dashjl_server, dashr, dashr_server, diskcache_manager, doctest_namespace, event_loop_policy, faker, free_tcp_port, free_tcp_port_factory, free_udp_port, free_udp_port_factory, init_pygame, live_server, monkeypatch, no_cover, pytestconfig, record_property, record_testsuite_property, record_xml_attribute, recwarn, screen, tmp_path, tmp_path_factory, tmpdir, tmpdir_factory, unused_tcp_port, unused_tcp_port_factory, unused_udp_port, unused_udp_port_factory
>       use 'pytest --fixtures [testpath]' for help on them.

C:\Users\maksi\OneDrive\Documents\GitHub\Mario-Level-1\tests\test_benchmark.py:127
____ ERROR at setup of TestResourceLoadingBenchmark.test_lazy_loader_scan _____
file C:\Users\maksi\OneDrive\Documents\GitHub\Mario-Level-1\tests\test_benchmark.py, line 142
      def test_lazy_loader_scan(self, benchmark, init_pygame, tmp_path):
E       fixture 'benchmark' not found
>       available fixtures: _class_scoped_runner, _configure_application, _function_scoped_runner, _module_scoped_runner, _monkeypatch_response_class, _package_scoped_runner, _push_request_context, _session_faker, _session_scoped_runner, accept_any, accept_json, accept_jsonp, accept_mimetype, anyio_backend, anyio_backend_name, anyio_backend_options, benchmark_threshold, cache, capfd, capfdbinary, caplog, capsys, capsysbinary, client, client_class, clock, config, cov, dash_br, dash_duo, dash_duo_mp, dash_multi_process_server, dash_process_server, dash_thread_server, dashjl, dashjl_server, dashr, dashr_server, diskcache_manager, doctest_namespace, event_loop_policy, faker, free_tcp_port, free_tcp_port_factory, free_udp_port, free_udp_port_factory, init_pygame, live_server, monkeypatch, no_cover, pytestconfig, record_property, record_testsuite_property, record_xml_attribute, recwarn, screen, tmp_path, tmp_path_factory, tmpdir, tmpdir_factory, unused_tcp_port, unused_tcp_port_factory, unused_udp_port, unused_udp_port_factory
>       use 'pytest --fixtures [testpath]' for help on them.

C:\Users\maksi\OneDrive\Documents\GitHub\Mario-Level-1\tests\test_benchmark.py:142
____ ERROR at setup of TestSaveSystemBenchmark.test_save_game_performance _____
file C:\Users\maksi\OneDrive\Documents\GitHub\Mario-Level-1\tests\test_benchmark.py, line 166
      def test_save_game_performance(self, benchmark, init_pygame, tmp_path):
E       fixture 'benchmark' not found
>       available fixtures: _class_scoped_runner, _configure_application, _function_scoped_runner, _module_scoped_runner, _monkeypatch_response_class, _package_scoped_runner, _push_request_context, _session_faker, _session_scoped_runner, accept_any, accept_json, accept_jsonp, accept_mimetype, anyio_backend, anyio_backend_name, anyio_backend_options, benchmark_threshold, cache, capfd, capfdbinary, caplog, capsys, capsysbinary, client, client_class, clock, config, cov, dash_br, dash_duo, dash_duo_mp, dash_multi_process_server, dash_process_server, dash_thread_server, dashjl, dashjl_server, dashr, dashr_server, diskcache_manager, doctest_namespace, event_loop_policy, faker, free_tcp_port, free_tcp_port_factory, free_udp_port, free_udp_port_factory, init_pygame, live_server, monkeypatch, no_cover, pytestconfig, record_property, record_testsuite_property, record_xml_attribute, recwarn, screen, tmp_path, tmp_path_factory, tmpdir, tmpdir_factory, unused_tcp_port, unused_tcp_port_factory, unused_udp_port, unused_udp_port_factory
>       use 'pytest --fixtures [testpath]' for help on them.

C:\Users\maksi\OneDrive\Documents\GitHub\Mario-Level-1\tests\test_benchmark.py:166
____ ERROR at setup of TestSaveSystemBenchmark.test_load_game_performance _____
file C:\Users\maksi\OneDrive\Documents\GitHub\Mario-Level-1\tests\test_benchmark.py, line 192
      def test_load_game_performance(self, benchmark, init_pygame, tmp_path):
E       fixture 'benchmark' not found
>       available fixtures: _class_scoped_runner, _configure_application, _function_scoped_runner, _module_scoped_runner, _monkeypatch_response_class, _package_scoped_runner, _push_request_context, _session_faker, _session_scoped_runner, accept_any, accept_json, accept_jsonp, accept_mimetype, anyio_backend, anyio_backend_name, anyio_backend_options, benchmark_threshold, cache, capfd, capfdbinary, caplog, capsys, capsysbinary, client, client_class, clock, config, cov, dash_br, dash_duo, dash_duo_mp, dash_multi_process_server, dash_process_server, dash_thread_server, dashjl, dashjl_server, dashr, dashr_server, diskcache_manager, doctest_namespace, event_loop_policy, faker, free_tcp_port, free_tcp_port_factory, free_udp_port, free_udp_port_factory, init_pygame, live_server, monkeypatch, no_cover, pytestconfig, record_property, record_testsuite_property, record_xml_attribute, recwarn, screen, tmp_path, tmp_path_factory, tmpdir, tmpdir_factory, unused_tcp_port, unused_tcp_port_factory, unused_udp_port, unused_udp_port_factory
>       use 'pytest --fixtures [testpath]' for help on them.

C:\Users\maksi\OneDrive\Documents\GitHub\Mario-Level-1\tests\test_benchmark.py:192
_____ ERROR at setup of TestConstantsBenchmark.test_constant_access_speed _____
file C:\Users\maksi\OneDrive\Documents\GitHub\Mario-Level-1\tests\test_benchmark.py, line 214
      def test_constant_access_speed(self, benchmark):
E       fixture 'benchmark' not found
>       available fixtures: _class_scoped_runner, _configure_application, _function_scoped_runner, _module_scoped_runner, _monkeypatch_response_class, _package_scoped_runner, _push_request_context, _session_faker, _session_scoped_runner, accept_any, accept_json, accept_jsonp, accept_mimetype, anyio_backend, anyio_backend_name, anyio_backend_options, benchmark_threshold, cache, capfd, capfdbinary, caplog, capsys, capsysbinary, client, client_class, clock, config, cov, dash_br, dash_duo, dash_duo_mp, dash_multi_process_server, dash_process_server, dash_thread_server, dashjl, dashjl_server, dashr, dashr_server, diskcache_manager, doctest_namespace, event_loop_policy, faker, free_tcp_port, free_tcp_port_factory, free_udp_port, free_udp_port_factory, init_pygame, live_server, monkeypatch, no_cover, pytestconfig, record_property, record_testsuite_property, record_xml_attribute, recwarn, screen, tmp_path, tmp_path_factory, tmpdir, tmpdir_factory, unused_tcp_port, unused_tcp_port_factory, unused_udp_port, unused_udp_port_factory
>       use 'pytest --fixtures [testpath]' for help on them.

C:\Users\maksi\OneDrive\Documents\GitHub\Mario-Level-1\tests\test_benchmark.py:214
___ ERROR at setup of TestAssetManagerIntegration.test_full_asset_workflow ____
file C:\Users\maksi\OneDrive\Documents\GitHub\Mario-Level-1\tests\test_resource_manager.py, line 474
      def test_full_asset_workflow(self, temp_asset_dir: Path) -> None:
E       fixture 'temp_asset_dir' not found
>       available fixtures: _class_scoped_runner, _configure_application, _function_scoped_runner, _module_scoped_runner, _monkeypatch_response_class, _package_scoped_runner, _push_request_context, _session_faker, _session_scoped_runner, accept_any, accept_json, accept_jsonp, accept_mimetype, anyio_backend, anyio_backend_name, anyio_backend_options, cache, capfd, capfdbinary, caplog, capsys, capsysbinary, client, client_class, clock, config, cov, dash_br, dash_duo, dash_duo_mp, dash_multi_process_server, dash_process_server, dash_thread_server, dashjl, dashjl_server, dashr, dashr_server, diskcache_manager, doctest_namespace, event_loop_policy, faker, free_tcp_port, free_tcp_port_factory, free_udp_port, free_udp_port_factory, init_pygame, live_server, monkeypatch, no_cover, pytestconfig, record_property, record_testsuite_property, record_xml_attribute, recwarn, screen, tmp_path, tmp_path_factory, tmpdir, tmpdir_factory, unused_tcp_port, unused_tcp_port_factory, unused_udp_port, unused_udp_port_factory
>       use 'pytest --fixtures [testpath]' for help on them.

C:\Users\maksi\OneDrive\Documents\GitHub\Mario-Level-1\tests\test_resource_manager.py:474
___ ERROR at setup of TestAssetManagerIntegration.test_asset_with_callbacks ___
file C:\Users\maksi\OneDrive\Documents\GitHub\Mario-Level-1\tests\test_resource_manager.py, line 501
      def test_asset_with_callbacks(self, temp_asset_dir: Path) -> None:
E       fixture 'temp_asset_dir' not found
>       available fixtures: _class_scoped_runner, _configure_application, _function_scoped_runner, _module_scoped_runner, _monkeypatch_response_class, _package_scoped_runner, _push_request_context, _session_faker, _session_scoped_runner, accept_any, accept_json, accept_jsonp, accept_mimetype, anyio_backend, anyio_backend_name, anyio_backend_options, cache, capfd, capfdbinary, caplog, capsys, capsysbinary, client, client_class, clock, config, cov, dash_br, dash_duo, dash_duo_mp, dash_multi_process_server, dash_process_server, dash_thread_server, dashjl, dashjl_server, dashr, dashr_server, diskcache_manager, doctest_namespace, event_loop_policy, faker, free_tcp_port, free_tcp_port_factory, free_udp_port, free_udp_port_factory, init_pygame, live_server, monkeypatch, no_cover, pytestconfig, record_property, record_testsuite_property, record_xml_attribute, recwarn, screen, tmp_path, tmp_path_factory, tmpdir, tmpdir_factory, unused_tcp_port, unused_tcp_port_factory, unused_udp_port, unused_udp_port_factory
>       use 'pytest --fixtures [testpath]' for help on them.

C:\Users\maksi\OneDrive\Documents\GitHub\Mario-Level-1\tests\test_resource_manager.py:501
___ ERROR at setup of TestAssetManagerIntegration.test_multiple_asset_types ___
file C:\Users\maksi\OneDrive\Documents\GitHub\Mario-Level-1\tests\test_resource_manager.py, line 548
      def test_multiple_asset_types(self, temp_asset_dir: Path) -> None:
E       fixture 'temp_asset_dir' not found
>       available fixtures: _class_scoped_runner, _configure_application, _function_scoped_runner, _module_scoped_runner, _monkeypatch_response_class, _package_scoped_runner, _push_request_context, _session_faker, _session_scoped_runner, accept_any, accept_json, accept_jsonp, accept_mimetype, anyio_backend, anyio_backend_name, anyio_backend_options, cache, capfd, capfdbinary, caplog, capsys, capsysbinary, client, client_class, clock, config, cov, dash_br, dash_duo, dash_duo_mp, dash_multi_process_server, dash_process_server, dash_thread_server, dashjl, dashjl_server, dashr, dashr_server, diskcache_manager, doctest_namespace, event_loop_policy, faker, free_tcp_port, free_tcp_port_factory, free_udp_port, free_udp_port_factory, init_pygame, live_server, monkeypatch, no_cover, pytestconfig, record_property, record_testsuite_property, record_xml_attribute, recwarn, screen, tmp_path, tmp_path_factory, tmpdir, tmpdir_factory, unused_tcp_port, unused_tcp_port_factory, unused_udp_port, unused_udp_port_factory
>       use 'pytest --fixtures [testpath]' for help on them.

C:\Users\maksi\OneDrive\Documents\GitHub\Mario-Level-1\tests\test_resource_manager.py:548
_________________ ERROR at setup of TestSkinSystem.test_init __________________
tests\test_v26_systems.py:161: in skin_manager
    return SkinManager(save_path)
data\skin_system.py:329: in __init__
    self._load_skins()
data\skin_system.py:335: in _load_skins
    skin = Skin.from_dict(skin_data)
data\skin_system.py:91: in from_dict
    category=SkinCategory.get(data["category"], SkinCategory.CLASSIC),
E   AttributeError: type object 'SkinCategory' has no attribute 'get'
_______________ ERROR at setup of TestSkinSystem.test_get_skin ________________
tests\test_v26_systems.py:161: in skin_manager
    return SkinManager(save_path)
data\skin_system.py:329: in __init__
    self._load_skins()
data\skin_system.py:335: in _load_skins
    skin = Skin.from_dict(skin_data)
data\skin_system.py:91: in from_dict
    category=SkinCategory.get(data["category"], SkinCategory.CLASSIC),
E   AttributeError: type object 'SkinCategory' has no attribute 'get'
______________ ERROR at setup of TestSkinSystem.test_unlock_skin ______________
tests\test_v26_systems.py:161: in skin_manager
    return SkinManager(save_path)
data\skin_system.py:329: in __init__
    self._load_skins()
data\skin_system.py:335: in _load_skins
    skin = Skin.from_dict(skin_data)
data\skin_system.py:91: in from_dict
    category=SkinCategory.get(data["category"], SkinCategory.CLASSIC),
E   AttributeError: type object 'SkinCategory' has no attribute 'get'
________ ERROR at setup of TestSkinSystem.test_unlock_already_unlocked ________
tests\test_v26_systems.py:161: in skin_manager
    return SkinManager(save_path)
data\skin_system.py:329: in __init__
    self._load_skins()
data\skin_system.py:335: in _load_skins
    skin = Skin.from_dict(skin_data)
data\skin_system.py:91: in from_dict
    category=SkinCategory.get(data["category"], SkinCategory.CLASSIC),
E   AttributeError: type object 'SkinCategory' has no attribute 'get'
___________ ERROR at setup of TestSkinSystem.test_set_current_skin ____________
tests\test_v26_systems.py:161: in skin_manager
    return SkinManager(save_path)
data\skin_system.py:329: in __init__
    self._load_skins()
data\skin_system.py:335: in _load_skins
    skin = Skin.from_dict(skin_data)
data\skin_system.py:91: in from_dict
    category=SkinCategory.get(data["category"], SkinCategory.CLASSIC),
E   AttributeError: type object 'SkinCategory' has no attribute 'get'
____________ ERROR at setup of TestSkinSystem.test_set_locked_skin ____________
tests\test_v26_systems.py:161: in skin_manager
    return SkinManager(save_path)
data\skin_system.py:329: in __init__
    self._load_skins()
data\skin_system.py:335: in _load_skins
    skin = Skin.from_dict(skin_data)
data\skin_system.py:91: in from_dict
    category=SkinCategory.get(data["category"], SkinCategory.CLASSIC),
E   AttributeError: type object 'SkinCategory' has no attribute 'get'
________ ERROR at setup of TestSkinSystem.test_check_unlock_conditions ________
tests\test_v26_systems.py:161: in skin_manager
    return SkinManager(save_path)
data\skin_system.py:329: in __init__
    self._load_skins()
data\skin_system.py:335: in _load_skins
    skin = Skin.from_dict(skin_data)
data\skin_system.py:91: in from_dict
    category=SkinCategory.get(data["category"], SkinCategory.CLASSIC),
E   AttributeError: type object 'SkinCategory' has no attribute 'get'
__________ ERROR at setup of TestSkinSystem.test_get_unlocked_skins ___________
tests\test_v26_systems.py:161: in skin_manager
    return SkinManager(save_path)
data\skin_system.py:329: in __init__
    self._load_skins()
data\skin_system.py:335: in _load_skins
    skin = Skin.from_dict(skin_data)
data\skin_system.py:91: in from_dict
    category=SkinCategory.get(data["category"], SkinCategory.CLASSIC),
E   AttributeError: type object 'SkinCategory' has no attribute 'get'
_________ ERROR at setup of TestSkinSystem.test_get_skins_by_category _________
tests\test_v26_systems.py:161: in skin_manager
    return SkinManager(save_path)
data\skin_system.py:329: in __init__
    self._load_skins()
data\skin_system.py:335: in _load_skins
    skin = Skin.from_dict(skin_data)
data\skin_system.py:91: in from_dict
    category=SkinCategory.get(data["category"], SkinCategory.CLASSIC),
E   AttributeError: type object 'SkinCategory' has no attribute 'get'
__________ ERROR at setup of TestSkinSystem.test_get_skins_by_rarity __________
tests\test_v26_systems.py:161: in skin_manager
    return SkinManager(save_path)
data\skin_system.py:329: in __init__
    self._load_skins()
data\skin_system.py:335: in _load_skins
    skin = Skin.from_dict(skin_data)
data\skin_system.py:91: in from_dict
    category=SkinCategory.get(data["category"], SkinCategory.CLASSIC),
E   AttributeError: type object 'SkinCategory' has no attribute 'get'
____________ ERROR at setup of TestSkinSystem.test_get_skin_bonus _____________
tests\test_v26_systems.py:161: in skin_manager
    return SkinManager(save_path)
data\skin_system.py:329: in __init__
    self._load_skins()
data\skin_system.py:335: in _load_skins
    skin = Skin.from_dict(skin_data)
data\skin_system.py:91: in from_dict
    category=SkinCategory.get(data["category"], SkinCategory.CLASSIC),
E   AttributeError: type object 'SkinCategory' has no attribute 'get'
______________ ERROR at setup of TestSkinSystem.test_get_summary ______________
tests\test_v26_systems.py:161: in skin_manager
    return SkinManager(save_path)
data\skin_system.py:329: in __init__
    self._load_skins()
data\skin_system.py:335: in _load_skins
    skin = Skin.from_dict(skin_data)
data\skin_system.py:91: in from_dict
    category=SkinCategory.get(data["category"], SkinCategory.CLASSIC),
E   AttributeError: type object 'SkinCategory' has no attribute 'get'
_____________ ERROR at setup of TestAdvancedAI.test_detect_target _____________
tests\test_v26_systems.py:400: in mock_mario
    return enemy
E   NameError: name 'enemy' is not defined
__________ ERROR at setup of TestAdvancedAI.test_target_out_of_range __________
tests\test_v26_systems.py:400: in mock_mario
    return enemy
E   NameError: name 'enemy' is not defined
_______ ERROR at setup of TestAdvancedAI.test_make_decision_with_target _______
tests\test_v26_systems.py:400: in mock_mario
    return enemy
E   NameError: name 'enemy' is not defined
================================== FAILURES ===================================
_______________ TestAchievementsManager.test_unlock_achievement _______________
tests\test_achievements.py:170: in test_unlock_achievement
    assert result is True
E   assert False is True
___________ TestAchievementsManager.test_get_completion_percentage ____________
tests\test_achievements.py:208: in test_get_completion_percentage
    assert manager.get_completion_percentage() == 0.0
E   assert 4.545454545454546 == 0.0
E    +  where 4.545454545454546 = get_completion_percentage()
E    +    where get_completion_percentage = <data.achievements.AchievementsManager object at 0x00000271EA043950>.get_completion_percentage
___________ TestAchievementsManager.test_get_unlocked_achievements ____________
tests\test_achievements.py:220: in test_get_unlocked_achievements
    assert len(unlocked) == 0
E   AssertionError: assert 1 == 0
E    +  where 1 = len([Achievement(id='first_coin', name='Первая монета', description='Соберите первую монету', tier=<AchievementTier.BRONZE: 'bronze'>, points=5, icon='coin', unlocked=True, progress=5, requirement=1, unlocked_at='2026-02-24T23:03:19.890459')])
____________ TestAchievementsManager.test_get_locked_achievements _____________
tests\test_achievements.py:231: in test_get_locked_achievements
    assert len(locked) == len(manager.achievements)
E   AssertionError: assert 21 == 22
E    +  where 21 = len([Achievement(id='coin_collector', name='Коллекционер монет', description='Соберите 50 монет', tier=<AchievementTier.SILVER: 'silver'>, points=15, icon='coin_bag', unlocked=False, progress=10, requirement=50, unlocked_at=None), Achievement(id='coin_master', name='Мастер монет', description='Соберите 100 монет за одну игру', tier=<AchievementTier.GOLD: 'gold'>, points=25, icon='crown', unlocked=False, progress=10, requirement=100, unlocked_at=None), Achievement(id='millionaire', name='Миллионер', description='Соберите 500 монет всего', tier=<AchievementTier.PLATINUM: 'platinum'>, points=50, icon='diamond', unlocked=False, progress=10, requirement=500, unlocked_at=None), Achievement(id='first_stomp', name='Первая победа', description='Победите первого врага', tier=<AchievementTier.BRONZE: 'bronze'>, points=5, icon='boot', unlocked=False, progress=0, requirement=1, unlocked_at=None), Achievement(id='goomba_hunter', name='Охотник на Гумб', description='Победите 20 гумб', tier=<AchievementTier.SILVER: 'silver'>, points=15, icon='goomba_mask', unlocked=False, progress=0, requirement=20, unlocked_at=None), Achievement(id='koopa_crusher', name='Разрушитель Куп', description='Победите 10 куп', tier=<AchievementTier.SILVER: 'silver'>, points=15, icon='shell', unlocked=False, progress=0, requirement=10, unlocked_at=None), ...])
E    +  and   22 = len({'coin_collector': Achievement(id='coin_collector', name='Коллекционер монет', description='Соберите 50 монет', tier=<AchievementTier.SILVER: 'silver'>, points=15, icon='coin_bag', unlocked=False, progress=10, requirement=50, unlocked_at=None), 'coin_master': Achievement(id='coin_master', name='Мастер монет', description='Соберите 100 монет за одну игру', tier=<AchievementTier.GOLD: 'gold'>, points=25, icon='crown', unlocked=False, progress=10, requirement=100, unlocked_at=None), 'combo_master': Achievement(id='combo_master', name='Комбо мастер', description='Победите 5 врагов подряд за 10 секунд', tier=<AchievementTier.GOLD: 'gold'>, points=40, icon='combo', unlocked=False, progress=0, requirement=1, unlocked_at=None), 'double_kill': Achievement(id='double_kill', name='Двойной удар', description='Победите 2 врагов подряд за 5 секунд', tier=<AchievementTier.BRONZE: 'bronze'>, points=10, icon='double', unlocked=False, progress=0, requirement=1, unlocked_at=None), ...})
E    +    where {'coin_collector': Achievement(id='coin_collector', name='Коллекционер монет', description='Соберите 50 монет', tier=<AchievementTier.SILVER: 'silver'>, points=15, icon='coin_bag', unlocked=False, progress=10, requirement=50, unlocked_at=None), 'coin_master': Achievement(id='coin_master', name='Мастер монет', description='Соберите 100 монет за одну игру', tier=<AchievementTier.GOLD: 'gold'>, points=25, icon='crown', unlocked=False, progress=10, requirement=100, unlocked_at=None), 'combo_master': Achievement(id='combo_master', name='Комбо мастер', description='Победите 5 врагов подряд за 10 секунд', tier=<AchievementTier.GOLD: 'gold'>, points=40, icon='combo', unlocked=False, progress=0, requirement=1, unlocked_at=None), 'double_kill': Achievement(id='double_kill', name='Двойной удар', description='Победите 2 врагов подряд за 5 секунд', tier=<AchievementTier.BRONZE: 'bronze'>, points=10, icon='double', unlocked=False, progress=0, requirement=1, unlocked_at=None), ...} = <data.achievements.AchievementsManager object at 0x00000271EA162210>.achievements
___________ TestAchievementsManager.test_achievement_notifications ____________
tests\test_achievements.py:265: in test_achievement_notifications
    assert len(manager.notifications) == 1
E   assert 0 == 1
E    +  where 0 = len([])
E    +    where [] = <data.achievements.AchievementsManager object at 0x00000271EA075850>.notifications
______________ TestAchievementsManager.test_update_notifications ______________
tests\test_achievements.py:271: in test_update_notifications
    assert len(manager.notifications) == 1
E   assert 0 == 1
E    +  where 0 = len([])
E    +    where [] = <data.achievements.AchievementsManager object at 0x00000271EA075550>.notifications
______________ TestAchievementsManager.test_get_tier_completion _______________
tests\test_achievements.py:288: in test_get_tier_completion
    assert tier_percent == 0.0
E   assert 20.0 == 0.0
_________ TestAchievementsIntegration.test_enemy_defeat_achievements __________
tests\test_achievements.py:341: in test_enemy_defeat_achievements
    assert manager.achievements["first_stomp"].unlocked is True
E   AssertionError: assert False is True
E    +  where False = Achievement(id='first_stomp', name='Первая победа', description='Победите первого врага', tier=<AchievementTier.BRONZE: 'bronze'>, points=5, icon='boot', unlocked=False, progress=0, requirement=1, unlocked_at=None).unlocked
________ TestAchievementsIntegration.test_persistence_across_sessions _________
tests\test_achievements.py:360: in test_persistence_across_sessions
    assert manager2.total_points == manager1.total_points
E   assert 20 == 0
E    +  where 20 = <data.achievements.AchievementsManager object at 0x00000271EA18FAD0>.total_points
E    +  and   0 = <data.achievements.AchievementsManager object at 0x00000271EA192D50>.total_points
____________________ TestEasingFunctions.test_ease_in_sine ____________________
tests\test_animation_system.py:107: in test_ease_in_sine
    assert func(1.0) == 1.0
E   assert 0.9999999999999999 == 1.0
E    +  where 0.9999999999999999 = <function EasingFunctions.ease_in_sine at 0x00000271E862A160>(1.0)
___________________ TestEasingFunctions.test_ease_out_sine ____________________
tests\test_animation_system.py:114: in test_ease_out_sine
    assert abs(func(0.5) - 0.5) < 0.01  # sin(\u03c0/4) \u2248 0.707, mapped
E   assert 0.20710678118654757 < 0.01
E    +  where 0.20710678118654757 = abs((0.7071067811865476 - 0.5))
E    +    where 0.7071067811865476 = <function EasingFunctions.ease_out_sine at 0x00000271E862A200>(0.5)
__________________ TestEasingFunctions.test_ease_in_out_sine __________________
tests\test_animation_system.py:121: in test_ease_in_out_sine
    assert func(0.5) == 0.5
E   assert 0.49999999999999994 == 0.5
E    +  where 0.49999999999999994 = <function EasingFunctions.ease_in_out_sine at 0x00000271E862A2A0>(0.5)
__________________ TestEasingFunctions.test_ease_out_bounce ___________________
tests\test_animation_system.py:127: in test_ease_out_bounce
    assert func(1.0) == 1.0
E   assert 1.3281249999999996 == 1.0
E    +  where 1.3281249999999996 = <function EasingFunctions.ease_out_bounce at 0x00000271E862A3E0>(1.0)
___________________ TestEasingFunctions.test_ease_in_bounce ___________________
tests\test_animation_system.py:132: in test_ease_in_bounce
    assert func(0.0) == 0.0
E   assert -0.32812499999999956 == 0.0
E    +  where -0.32812499999999956 = <function EasingFunctions.ease_in_bounce at 0x00000271E862A340>(0.0)
________________ TestAnimationIntegration.test_tween_sequence _________________
tests\test_animation_system.py:642: in test_tween_sequence
    pg.quit()
E   NameError: name 'pg' is not defined
___________________ TestScoreManager.test_reset_keep_total ____________________
tests\test_combo_system.py:282: in test_reset_keep_total
    assert score_manager.base_score == base
E   assert 0 == 1000
E    +  where 0 = <data.combo_system.ScoreManager object at 0x00000271E8BB38A0>.base_score
_________________ TestHintTriggerSystem.test_listener_called __________________
tests\test_hint_system.py:416: in test_listener_called
    def callback(data: Optional[dict]) -> None:
E   NameError: name 'Optional' is not defined
____________________ TestComboDetector.test_reset_detector ____________________
tests\test_input_system.py:433: in test_reset_detector
    assert len(combo_detector.last_triggered) == 0
E   AssertionError: assert 1 == 0
E    +  where 1 = len({'test': 0})
E    +    where {'test': 0} = <data.input_system.ComboDetector object at 0x00000271E9936330>.last_triggered
_____________ TestGameLoopIntegration.test_control_initialization _____________
tests\test_integration.py:26: in test_control_initialization
    control = Control("Test Game")
data\tools\controllers.py:47: in __init__
    self.keys: Tuple[bool, ...] = pg.key.get_pressed()
E   pygame.error: video system not initialized
________________ TestGameLoopIntegration.test_state_transition ________________
tests\test_integration.py:37: in test_state_transition
    control = Control("Test")
data\tools\controllers.py:47: in __init__
    self.keys: Tuple[bool, ...] = pg.key.get_pressed()
E   pygame.error: video system not initialized
_______________ TestGameLoopIntegration.test_state_persist_data _______________
tests\test_integration.py:78: in test_state_persist_data
    control = Control("Test")
data\tools\controllers.py:47: in __init__
    self.keys: Tuple[bool, ...] = pg.key.get_pressed()
E   pygame.error: video system not initialized
___________ TestResourceLoadingIntegration.test_lazy_loader_caching ___________
tests\test_integration.py:132: in test_lazy_loader_caching
    img1 = loader.get("test")
data\tools\resources.py:174: in get
    img = img.convert()
E   pygame.error: cannot convert without pygame.display initialized
______________ TestEndToEndScenarios.test_multiple_state_cycles _______________
tests\test_integration.py:276: in test_multiple_state_cycles
    control = Control("Test")
data\tools\controllers.py:47: in __init__
    self.keys: Tuple[bool, ...] = pg.key.get_pressed()
E   pygame.error: video system not initialized
____________________ TestAdvancedParticleSystem.test_stats ____________________
tests\test_new_features.py:189: in test_stats
    assert stats["emitted"] > 0
E   assert 0 > 0
_____________________ TestBossSystem.test_boss_health_bar _____________________
tests\test_new_features.py:396: in test_boss_health_bar
    bowser.draw_health_bar(surface, (100, 100))
data\components\bosses.py:224: in draw_health_bar
    pg.draw.rect(surface, c.RED, (x, y, width, height))
E   TypeError: argument 1 must be pygame.surface.Surface, not MagicMock
________________ TestIntegration.test_boss_defeat_gives_combo _________________
tests\test_new_features.py:556: in test_boss_defeat_gives_combo
    assert defeated is True
E   assert False is True
_____________________ TestAssetManager.test_unload_asset ______________________
tests\test_resource_manager.py:302: in test_unload_asset
    assert "test" in asset_manager.assets
E   AssertionError: assert 'test' in {}
E    +  where {} = <data.resource_manager.AssetManager object at 0x00000271EA163D40>.assets
________________________ TestSaveLoad.test_save_exists ________________________
tests\test_save_system.py:144: in test_save_exists
    assert save_system.save_exists() is False
E   AttributeError: module 'data.save_system' has no attribute 'save_exists'. Did you mean: 'save_exists_file'?
_______________________ TestSaveLoad.test_get_save_info _______________________
tests\test_save_system.py:159: in test_get_save_info
    assert save_system.get_save_info() is None
E   AttributeError: module 'data.save_system' has no attribute 'get_save_info'. Did you mean: 'get_save_info_file'?
______________________ TestControl.test_control_creation ______________________
tests\test_tools.py:32: in test_control_creation
    control = tools.Control("Test Game")
data\tools\controllers.py:47: in __init__
    self.keys: Tuple[bool, ...] = pg.key.get_pressed()
E   pygame.error: video system not initialized
____________________ TestControl.test_control_setup_states ____________________
tests\test_tools.py:40: in test_control_setup_states
    control = tools.Control("Test Game")
data\tools\controllers.py:47: in __init__
    self.keys: Tuple[bool, ...] = pg.key.get_pressed()
E   pygame.error: video system not initialized
_____________________ TestControl.test_control_flip_state _____________________
tests\test_tools.py:49: in test_control_flip_state
    control = tools.Control("Test Game")
data\tools\controllers.py:47: in __init__
    self.keys: Tuple[bool, ...] = pg.key.get_pressed()
E   pygame.error: video system not initialized
___________________ TestAdvancedAI.test_ai_director_update ____________________
tests\test_v26_systems.py:522: in test_ai_director_update
    assert "spawn_rate" in decisions
E   AssertionError: assert 'spawn_rate' in {}
___________________ TestAdvancedAI.test_ai_director_tension ___________________
tests\test_v26_systems.py:534: in test_ai_director_tension
    assert tension > 0.5
E   assert 0.07600000000000001 > 0.5
______________ TestIntegration.test_skin_bonus_with_progression _______________
tests\test_v26_systems.py:583: in test_skin_bonus_with_progression
    skin = SkinManager(str(tmp_path / "skins.json"))
data\skin_system.py:329: in __init__
    self._load_skins()
data\skin_system.py:335: in _load_skins
    skin = Skin.from_dict(skin_data)
data\skin_system.py:91: in from_dict
    category=SkinCategory.get(data["category"], SkinCategory.CLASSIC),
E   AttributeError: type object 'SkinCategory' has no attribute 'get'
_______________ TestWeatherIntegration.test_full_weather_cycle ________________
tests\test_weather_system.py:423: in test_full_weather_cycle
    manager.update(100)
data\weather_system.py:531: in update
    self.weather.update(dt)
data\weather_system.py:216: in update
    self._update_wind(dt_seconds)
data\weather_system.py:282: in _update_wind
    cloud.x += self.config.wind_speed * dt * 60
E   AttributeError: 'WeatherConfig' object has no attribute 'wind_speed'. Did you mean: 'rain_speed'?
============================== warnings summary ===============================
..\..\..\..\AppData\Local\Programs\Python\Python313\Lib\site-packages\pygame\pkgdata.py:25
  C:\Users\maksi\AppData\Local\Programs\Python\Python313\Lib\site-packages\pygame\pkgdata.py:25: DeprecationWarning: pkg_resources is deprecated as an API. See https://setuptools.pypa.io/en/latest/pkg_resources.html
    from pkg_resources import resource_stream, resource_exists

tests\test_effect_system.py:138
  C:\Users\maksi\OneDrive\Documents\GitHub\Mario-Level-1\tests\test_effect_system.py:138: PytestUnknownMarkWarning: Unknown pytest.mark.flaky - is this a typo?  You can register custom marks to avoid this warning - for details, see https://docs.pytest.org/en/stable/how-to/mark.html
    @pytest.mark.flaky(reruns=2)

tests\test_effect_system.py:170
  C:\Users\maksi\OneDrive\Documents\GitHub\Mario-Level-1\tests\test_effect_system.py:170: PytestUnknownMarkWarning: Unknown pytest.mark.flaky - is this a typo?  You can register custom marks to avoid this warning - for details, see https://docs.pytest.org/en/stable/how-to/mark.html
    @pytest.mark.flaky(reruns=2)

-- Docs: https://docs.pytest.org/en/stable/how-to/capture-warnings.html

---------- coverage: platform win32, python 3.13.9-final-0 -----------
Name                                  Stmts   Miss  Cover   Missing
-------------------------------------------------------------------
data\__init__.py                         23      0   100%
data\achievements.py                    215     71    67%   118, 431-432, 446-447, 509-514, 533-536, 540, 553, 595-598, 602-607, 617-664, 673-677, 686-707
data\achievements_v2.py                 277     76    73%   191, 202, 487-488, 527, 535-552, 555, 580, 596, 624, 637, 680-725, 735-779
data\advanced_ai.py                     320    189    41%   131-157, 161-167, 171-206, 210-240, 245-256, 267, 272-291, 296-310, 314-325, 329-338, 342-366, 370-379, 383-404, 416, 462, 472-495, 506-513, 517-522, 530-538, 598-599, 628-635, 645-648
data\advanced_particles.py              151     43    72%   60, 65, 70, 228, 235, 243, 299-310, 335-346, 350-370, 374-386
data\animation_system.py                334     40    88%   115-117, 148, 150, 227, 266, 270-271, 381, 384-386, 414-415, 424, 428, 447, 451-452, 456, 460-461, 488-502, 741-745
data\audio_manager.py                   331     78    76%   145, 167-179, 256, 275-280, 298-302, 304-305, 308, 312-315, 331, 334-336, 346, 379-380, 390-392, 398, 402, 406, 421, 474-476, 500, 515-531, 571-577, 581-582, 656, 713-721, 738, 742, 746, 754
data\challenge_system.py                253     73    71%   98, 119, 126, 140, 271-283, 306, 311, 396-414, 419-437, 454, 457, 464, 485, 500, 508, 515, 539, 564-597, 607-609
data\combo_manager.py                   183     34    81%   143-144, 157, 175, 182, 187, 207, 271-304, 319, 332-335
data\combo_system.py                    230     49    79%   124, 187, 242-250, 302-305, 318-349, 354-374, 456-460, 473, 545-552
data\components\__init__.py               1      0   100%
data\components\advanced_enemies.py     268     96    64%   76-78, 84-89, 103-117, 121-127, 131-145, 149-150, 154-158, 216, 220, 226-227, 236-237, 252-257, 310-324, 328-331, 339, 349, 358, 369-372, 378-387, 429-431, 435-445, 449-452, 494
data\components\bosses.py               328    168    49%   109, 114, 119, 123-134, 138-148, 152-155, 168, 171, 215, 227-232, 280-291, 295-300, 304-317, 321-328, 332-333, 337-338, 342-344, 348-350, 354-359, 363-370, 374-375, 380, 426-437, 441-449, 453-465, 470, 474-475, 479-480, 484-486, 494-498, 510-525, 530-538, 542-551, 555-564, 568-578, 582-583, 587-588, 592-593
data\components\bricks.py               126    126     0%   3-192
data\components\castle_flag.py           34     34     0%   3-53
data\components\checkpoint.py            10     10     0%   3-18
data\components\coin.py                  55     55     0%   3-85
data\components\coin_box.py              95     95     0%   3-132
data\components\collider.py              12      0   100%
data\components\enemies.py              126     50    60%   55, 79-88, 92-98, 102-103, 107, 111-116, 120-128, 136-138, 156-159, 176-182, 186-189
data\components\flagpole.py              85     85     0%   3-131
data\components\flashing_coin.py         52     52     0%   3-73
data\components\info.py                 324    324     0%   3-448
data\components\mario.py                728    728     0%   3-1025
data\components\powerups.py             220    220     0%   3-338
data\components\score.py                 81     81     0%   3-124
data\config_manager.py                  205    205     0%   7-367
data\constants.py                         4      4     0%   12-24
data\constants\__init__.py                7      0   100%
data\constants\colors.py                 18      0   100%
data\constants\items.py                  35      0   100%
data\constants\physics.py                14      0   100%
data\constants\screen.py                  6      0   100%
data\constants\states.py                 64      0   100%
data\controller.py                      230    153    33%   96, 100, 104, 122-129, 133-141, 146-148, 153, 162-205, 218-233, 247-262, 266, 270-274, 305-311, 315-324, 333-355, 359-370, 382-389, 393, 402-408, 412-413, 417, 421, 425-426, 430-431, 441-448, 452, 479-481, 486-487
data\debug.py                           334    165    51%   74, 85, 89, 116, 122, 140-161, 165-179, 183-188, 192-220, 247-254, 265-268, 293, 297, 301, 305-321, 325-361, 415, 419-421, 425, 437-454, 459, 475-480, 486, 490-513, 530, 544, 555, 570, 588-595, 625, 631-643, 657-659, 665
data\debug_utils.py                     205    136    34%   66, 70, 74, 78-84, 88-99, 103-141, 177, 180, 183-184, 187, 212, 221-244, 248-291, 300-327, 357-367, 383-388, 400-402, 408-410, 416-418, 428-430
data\dialog_system.py                   325    147    55%   54, 90, 163, 167-169, 242-244, 256-275, 285-287, 306, 310, 314, 316, 327, 330, 336-337, 342, 347, 357, 361, 369-370, 382, 386, 390-393, 405-406, 419, 423, 429, 433, 436, 443, 453-511, 515-553, 557-576, 580, 584, 588, 608-610
data\dialogue_system.py                 271     88    68%   172, 186-188, 191-192, 203-207, 226-256, 260-294, 298-307, 374, 394-422, 431, 435, 439, 443, 447, 451, 498
data\effect_system.py                   216     38    82%   103-107, 138, 151, 272, 309-314, 320, 398, 408-441
data\enhanced_hint_system.py            187     58    69%   282-291, 295-303, 331, 334-337, 341-342, 364-365, 387, 392, 415, 422, 428, 448-497, 512
data\enhanced_particles_v2.py           282     69    76%   143, 193, 199-204, 207-212, 230-232, 242, 257-309, 593, 621, 632-635, 670-671, 674-675, 692, 704-709
data\event_system.py                    146     40    73%   93, 120, 125-127, 132-134, 214-227, 258, 267-268, 283, 301-302, 311-315, 319, 323-325, 333, 347-349, 354, 363, 371
data\game_settings.py                   257     49    81%   389-391, 409-411, 433, 437-439, 507-508, 527-529, 533-549, 565-579, 594-602
data\game_sound.py                      121    121     0%   8-231
data\hint_system.py                     292     13    96%   116, 205-206, 507, 524, 541, 571, 588, 633, 677, 733, 832-833
data\input_system.py                    213     19    91%   143, 158, 173, 186, 207, 220, 253, 377, 388, 420, 448, 452-457, 471, 541
data\level_loader.py                     93     32    66%   117-174
data\main.py                             47     47     0%   8-98
data\melee_combat.py                    222     35    84%   109, 278, 286, 341-344, 348, 352-354, 366-396, 456, 465, 469
data\minimap_system.py                  267    160    40%   174-201, 205-210, 222-223, 233-234, 243, 252-253, 263-265, 274, 278, 287-303, 307-309, 313-394, 398-421, 425-437, 446-459, 463-467, 478-505, 514, 527-543, 552, 556, 560, 569, 578, 609-611, 617
data\optimization.py                    136     95    30%   46-50, 59-65, 74-81, 85-86, 91, 96, 101, 118-120, 134-150, 159-163, 167-168, 178-182, 194-195, 205-209, 218-221, 225-226, 235-236, 240-241, 262-265, 269-270, 274-278, 295-297, 306-318, 322-326, 330-333, 346-347
data\pathfinding.py                     244     20    92%   50, 118, 205, 225, 296-301, 306, 324-326, 343, 451, 455, 495, 504-512
data\player_progression.py              249     61    76%   57, 263, 281-283, 288, 330, 339, 347, 361, 377, 381, 395, 407-430, 435, 442, 446, 448, 462, 484, 493, 510, 513, 521, 525-527, 531, 536, 541-552, 557, 562-563, 567, 572, 608-610
data\profiler.py                        188     69    63%   65, 88-93, 97, 106-111, 116-118, 122-125, 224, 234, 240, 253-267, 321-323, 333, 358-362, 372, 376, 385-410, 414-418, 452-454, 459, 464
data\quest_system.py                    300     44    85%   102, 226, 407-408, 467, 477, 484, 509-512, 517, 523-524, 527-530, 533, 551, 558, 573, 631, 651, 675-707
data\render_system.py                   163     45    72%   75, 89, 100, 102, 106, 186-187, 201-202, 303-324, 328-329, 333-335, 369-374, 378-382, 396-398, 402, 406, 410, 419-421, 425-426
data\resource_manager.py                280     59    79%   120-121, 126, 157, 171-174, 196-197, 319, 321, 323, 334-335, 345, 358-361, 396-410, 428, 464, 478-480, 491, 547-585, 679
data\save_system.py                     271    108    60%   52, 176-181, 193-194, 203, 207-216, 220-227, 247, 252, 284-286, 299, 308-326, 338-361, 366, 371, 375, 379, 392-400, 420-421, 432-433, 442-443, 448, 453-466, 496-500, 515-526, 551-554, 565-566, 575-577
data\screenshot.py                      166     71    57%   96-98, 120, 130-133, 154-156, 173-181, 201, 213-224, 228-238, 265-266, 277-297, 309-321, 325-362, 368-373, 406
data\screenshot_manager.py              119    119     0%   11-290
data\setup.py                           120     63    48%   65, 73, 81, 89, 109-115, 120-126, 131-137, 142-148, 153-159, 164-170, 175-181, 186-192, 197-203, 209-210, 217-220
data\skin_system.py                     175     98    44%   67, 330, 336, 340-360, 364-373, 385-398, 415-436, 448-457, 461, 465, 469, 473, 477, 481, 493-497, 501, 514-529, 542-558, 562-575, 591-593
data\states\__init__.py                   1      1     0%   1
data\states\base_level.py               143    143     0%   7-251
data\states\enhanced_menu.py            246    246     0%   13-486
data\states\level1.py                   952    952     0%   3-1377
data\states\level2.py                   239    239     0%   3-349
data\states\level3.py                   263    263     0%   3-367
data\states\level4.py                   241    241     0%   3-346
data\states\level5.py                   241    241     0%   3-346
data\states\load_screen.py               77     77     0%   3-122
data\states\main_menu.py                 86     86     0%   3-138
data\statistics.py                      219     47    79%   173, 191-194, 198-201, 215-219, 238, 242, 246, 252, 256-257, 281-283, 293, 319-321, 396-408, 418-435, 439-445, 451-452
data\tools.py                             4      4     0%   11-22
data\tools\__init__.py                    6      0   100%
data\tools\controllers.py                81     60    26%   10-12, 48-57, 67-69, 73-85, 89-95, 99-111, 120-123, 127-143
data\tools\keybindings.py                15      0   100%
data\tools\resources.py                 107     34    68%   59-72, 95-98, 157, 162-168, 172, 175-178, 187-193, 197-198
data\tools\states.py                     25      2    92%   8-9
data\ui.py                              395     70    82%   149, 179, 192-194, 204-205, 209-210, 212-213, 247-253, 316-324, 332, 337, 427, 446, 475-502, 675-694, 698-699, 773, 777, 781, 785, 789, 793, 832-834
data\visual_effects.py                  203    158    22%   46-61, 74-96, 100, 122-123, 150-171, 175, 179, 183, 187, 191, 201, 205-206, 210, 231-245, 251-271, 280-282, 291-301, 317-321, 330-332, 341-352, 356, 366-370, 379-381, 391-394, 403-409, 418-424, 440-447, 457-466, 475-481, 490-492, 497-498, 502-503, 507-510, 514-515, 519-520
data\weather_system.py                  283     15    95%   220, 239, 241, 264-265, 274, 305-308, 453-460
-------------------------------------------------------------------
TOTAL                                 15161   8087    47%
Coverage HTML written to dir htmlcov

=========================== short test summary info ===========================
FAILED tests/test_achievements.py::TestAchievementsManager::test_unlock_achievement - assert False is True
FAILED tests/test_achievements.py::TestAchievementsManager::test_get_completion_percentage - assert 4.545454545454546 == 0.0
 +  where 4.545454545454546 = get_completion_percentage()
 +    where get_completion_percentage = <data.achievements.AchievementsManager object at 0x00000271EA043950>.get_completion_percentage
FAILED tests/test_achievements.py::TestAchievementsManager::test_get_unlocked_achievements - AssertionError: assert 1 == 0
 +  where 1 = len([Achievement(id='first_coin', name='Первая монета', description='Соберите первую монету', tier=<AchievementTier.BRONZE: 'bronze'>, points=5, icon='coin', unlocked=True, progress=5, requirement=1, unlocked_at='2026-02-24T23:03:19.890459')])
FAILED tests/test_achievements.py::TestAchievementsManager::test_get_locked_achievements - AssertionError: assert 21 == 22
 +  where 21 = len([Achievement(id='coin_collector', name='Коллекционер монет', description='Соберите 50 монет', tier=<AchievementTier.SILVER: 'silver'>, points=15, icon='coin_bag', unlocked=False, progress=10, requirement=50, unlocked_at=None), Achievement(id='coin_master', name='Мастер монет', description='Соберите 100 монет за одну игру', tier=<AchievementTier.GOLD: 'gold'>, points=25, icon='crown', unlocked=False, progress=10, requirement=100, unlocked_at=None), Achievement(id='millionaire', name='Миллионер', description='Соберите 500 монет всего', tier=<AchievementTier.PLATINUM: 'platinum'>, points=50, icon='diamond', unlocked=False, progress=10, requirement=500, unlocked_at=None), Achievement(id='first_stomp', name='Первая победа', description='Победите первого врага', tier=<AchievementTier.BRONZE: 'bronze'>, points=5, icon='boot', unlocked=False, progress=0, requirement=1, unlocked_at=None), Achievement(id='goomba_hunter', name='Охотник на Гумб', description='Победите 20 гумб', tier=<AchievementTier.SILVER: 'silver'>, points=15, icon='goomba_mask', unlocked=False, progress=0, requirement=20, unlocked_at=None), Achievement(id='koopa_crusher', name='Разрушитель Куп', description='Победите 10 куп', tier=<AchievementTier.SILVER: 'silver'>, points=15, icon='shell', unlocked=False, progress=0, requirement=10, unlocked_at=None), ...])
 +  and   22 = len({'coin_collector': Achievement(id='coin_collector', name='Коллекционер монет', description='Соберите 50 монет', tier=<AchievementTier.SILVER: 'silver'>, points=15, icon='coin_bag', unlocked=False, progress=10, requirement=50, unlocked_at=None), 'coin_master': Achievement(id='coin_master', name='Мастер монет', description='Соберите 100 монет за одну игру', tier=<AchievementTier.GOLD: 'gold'>, points=25, icon='crown', unlocked=False, progress=10, requirement=100, unlocked_at=None), 'combo_master': Achievement(id='combo_master', name='Комбо мастер', description='Победите 5 врагов подряд за 10 секунд', tier=<AchievementTier.GOLD: 'gold'>, points=40, icon='combo', unlocked=False, progress=0, requirement=1, unlocked_at=None), 'double_kill': Achievement(id='double_kill', name='Двойной удар', description='Победите 2 врагов подряд за 5 секунд', tier=<AchievementTier.BRONZE: 'bronze'>, points=10, icon='double', unlocked=False, progress=0, requirement=1, unlocked_at=None), ...})
 +    where {'coin_collector': Achievement(id='coin_collector', name='Коллекционер монет', description='Соберите 50 монет', tier=<AchievementTier.SILVER: 'silver'>, points=15, icon='coin_bag', unlocked=False, progress=10, requirement=50, unlocked_at=None), 'coin_master': Achievement(id='coin_master', name='Мастер монет', description='Соберите 100 монет за одну игру', tier=<AchievementTier.GOLD: 'gold'>, points=25, icon='crown', unlocked=False, progress=10, requirement=100, unlocked_at=None), 'combo_master': Achievement(id='combo_master', name='Комбо мастер', description='Победите 5 врагов подряд за 10 секунд', tier=<AchievementTier.GOLD: 'gold'>, points=40, icon='combo', unlocked=False, progress=0, requirement=1, unlocked_at=None), 'double_kill': Achievement(id='double_kill', name='Двойной удар', description='Победите 2 врагов подряд за 5 секунд', tier=<AchievementTier.BRONZE: 'bronze'>, points=10, icon='double', unlocked=False, progress=0, requirement=1, unlocked_at=None), ...} = <data.achievements.AchievementsManager object at 0x00000271EA162210>.achievements
FAILED tests/test_achievements.py::TestAchievementsManager::test_achievement_notifications - assert 0 == 1
 +  where 0 = len([])
 +    where [] = <data.achievements.AchievementsManager object at 0x00000271EA075850>.notifications
FAILED tests/test_achievements.py::TestAchievementsManager::test_update_notifications - assert 0 == 1
 +  where 0 = len([])
 +    where [] = <data.achievements.AchievementsManager object at 0x00000271EA075550>.notifications
FAILED tests/test_achievements.py::TestAchievementsManager::test_get_tier_completion - assert 20.0 == 0.0
FAILED tests/test_achievements.py::TestAchievementsIntegration::test_enemy_defeat_achievements - AssertionError: assert False is True
 +  where False = Achievement(id='first_stomp', name='Первая победа', description='Победите первого врага', tier=<AchievementTier.BRONZE: 'bronze'>, points=5, icon='boot', unlocked=False, progress=0, requirement=1, unlocked_at=None).unlocked
FAILED tests/test_achievements.py::TestAchievementsIntegration::test_persistence_across_sessions - assert 20 == 0
 +  where 20 = <data.achievements.AchievementsManager object at 0x00000271EA18FAD0>.total_points
 +  and   0 = <data.achievements.AchievementsManager object at 0x00000271EA192D50>.total_points
FAILED tests/test_animation_system.py::TestEasingFunctions::test_ease_in_sine - assert 0.9999999999999999 == 1.0
 +  where 0.9999999999999999 = <function EasingFunctions.ease_in_sine at 0x00000271E862A160>(1.0)
FAILED tests/test_animation_system.py::TestEasingFunctions::test_ease_out_sine - assert 0.20710678118654757 < 0.01
 +  where 0.20710678118654757 = abs((0.7071067811865476 - 0.5))
 +    where 0.7071067811865476 = <function EasingFunctions.ease_out_sine at 0x00000271E862A200>(0.5)
FAILED tests/test_animation_system.py::TestEasingFunctions::test_ease_in_out_sine - assert 0.49999999999999994 == 0.5
 +  where 0.49999999999999994 = <function EasingFunctions.ease_in_out_sine at 0x00000271E862A2A0>(0.5)
FAILED tests/test_animation_system.py::TestEasingFunctions::test_ease_out_bounce - assert 1.3281249999999996 == 1.0
 +  where 1.3281249999999996 = <function EasingFunctions.ease_out_bounce at 0x00000271E862A3E0>(1.0)
FAILED tests/test_animation_system.py::TestEasingFunctions::test_ease_in_bounce - assert -0.32812499999999956 == 0.0
 +  where -0.32812499999999956 = <function EasingFunctions.ease_in_bounce at 0x00000271E862A340>(0.0)
FAILED tests/test_animation_system.py::TestAnimationIntegration::test_tween_sequence - NameError: name 'pg' is not defined
FAILED tests/test_combo_system.py::TestScoreManager::test_reset_keep_total - assert 0 == 1000
 +  where 0 = <data.combo_system.ScoreManager object at 0x00000271E8BB38A0>.base_score
FAILED tests/test_hint_system.py::TestHintTriggerSystem::test_listener_called - NameError: name 'Optional' is not defined
FAILED tests/test_input_system.py::TestComboDetector::test_reset_detector - AssertionError: assert 1 == 0
 +  where 1 = len({'test': 0})
 +    where {'test': 0} = <data.input_system.ComboDetector object at 0x00000271E9936330>.last_triggered
FAILED tests/test_integration.py::TestGameLoopIntegration::test_control_initialization - pygame.error: video system not initialized
FAILED tests/test_integration.py::TestGameLoopIntegration::test_state_transition - pygame.error: video system not initialized
FAILED tests/test_integration.py::TestGameLoopIntegration::test_state_persist_data - pygame.error: video system not initialized
FAILED tests/test_integration.py::TestResourceLoadingIntegration::test_lazy_loader_caching - pygame.error: cannot convert without pygame.display initialized
FAILED tests/test_integration.py::TestEndToEndScenarios::test_multiple_state_cycles - pygame.error: video system not initialized
FAILED tests/test_new_features.py::TestAdvancedParticleSystem::test_stats - assert 0 > 0
FAILED tests/test_new_features.py::TestBossSystem::test_boss_health_bar - TypeError: argument 1 must be pygame.surface.Surface, not MagicMock
FAILED tests/test_new_features.py::TestIntegration::test_boss_defeat_gives_combo - assert False is True
FAILED tests/test_resource_manager.py::TestAssetManager::test_unload_asset - AssertionError: assert 'test' in {}
 +  where {} = <data.resource_manager.AssetManager object at 0x00000271EA163D40>.assets
FAILED tests/test_save_system.py::TestSaveLoad::test_save_exists - AttributeError: module 'data.save_system' has no attribute 'save_exists'. Did you mean: 'save_exists_file'?
FAILED tests/test_save_system.py::TestSaveLoad::test_get_save_info - AttributeError: module 'data.save_system' has no attribute 'get_save_info'. Did you mean: 'get_save_info_file'?
FAILED tests/test_tools.py::TestControl::test_control_creation - pygame.error: video system not initialized
FAILED tests/test_tools.py::TestControl::test_control_setup_states - pygame.error: video system not initialized
FAILED tests/test_tools.py::TestControl::test_control_flip_state - pygame.error: video system not initialized
FAILED tests/test_v26_systems.py::TestAdvancedAI::test_ai_director_update - AssertionError: assert 'spawn_rate' in {}
FAILED tests/test_v26_systems.py::TestAdvancedAI::test_ai_director_tension - assert 0.07600000000000001 > 0.5
FAILED tests/test_v26_systems.py::TestIntegration::test_skin_bonus_with_progression - AttributeError: type object 'SkinCategory' has no attribute 'get'
FAILED tests/test_weather_system.py::TestWeatherIntegration::test_full_weather_cycle - AttributeError: 'WeatherConfig' object has no attribute 'wind_speed'. Did you mean: 'rain_speed'?
ERROR tests/test_benchmark.py::TestParticleBenchmark::test_particle_creation
ERROR tests/test_benchmark.py::TestParticleBenchmark::test_particle_update
ERROR tests/test_benchmark.py::TestParticleBenchmark::test_particle_batch_render
ERROR tests/test_benchmark.py::TestCollisionBenchmark::test_collider_creation
ERROR tests/test_benchmark.py::TestCollisionBenchmark::test_collider_collision_check
ERROR tests/test_benchmark.py::TestResourceLoadingBenchmark::test_image_cache_loading
ERROR tests/test_benchmark.py::TestResourceLoadingBenchmark::test_lazy_loader_scan
ERROR tests/test_benchmark.py::TestSaveSystemBenchmark::test_save_game_performance
ERROR tests/test_benchmark.py::TestSaveSystemBenchmark::test_load_game_performance
ERROR tests/test_benchmark.py::TestConstantsBenchmark::test_constant_access_speed
ERROR tests/test_resource_manager.py::TestAssetManagerIntegration::test_full_asset_workflow
ERROR tests/test_resource_manager.py::TestAssetManagerIntegration::test_asset_with_callbacks
ERROR tests/test_resource_manager.py::TestAssetManagerIntegration::test_multiple_asset_types
ERROR tests/test_v26_systems.py::TestSkinSystem::test_init - AttributeError: type object 'SkinCategory' has no attribute 'get'
ERROR tests/test_v26_systems.py::TestSkinSystem::test_get_skin - AttributeError: type object 'SkinCategory' has no attribute 'get'
ERROR tests/test_v26_systems.py::TestSkinSystem::test_unlock_skin - AttributeError: type object 'SkinCategory' has no attribute 'get'
ERROR tests/test_v26_systems.py::TestSkinSystem::test_unlock_already_unlocked - AttributeError: type object 'SkinCategory' has no attribute 'get'
ERROR tests/test_v26_systems.py::TestSkinSystem::test_set_current_skin - AttributeError: type object 'SkinCategory' has no attribute 'get'
ERROR tests/test_v26_systems.py::TestSkinSystem::test_set_locked_skin - AttributeError: type object 'SkinCategory' has no attribute 'get'
ERROR tests/test_v26_systems.py::TestSkinSystem::test_check_unlock_conditions - AttributeError: type object 'SkinCategory' has no attribute 'get'
ERROR tests/test_v26_systems.py::TestSkinSystem::test_get_unlocked_skins - AttributeError: type object 'SkinCategory' has no attribute 'get'
ERROR tests/test_v26_systems.py::TestSkinSystem::test_get_skins_by_category - AttributeError: type object 'SkinCategory' has no attribute 'get'
ERROR tests/test_v26_systems.py::TestSkinSystem::test_get_skins_by_rarity - AttributeError: type object 'SkinCategory' has no attribute 'get'
ERROR tests/test_v26_systems.py::TestSkinSystem::test_get_skin_bonus - AttributeError: type object 'SkinCategory' has no attribute 'get'
ERROR tests/test_v26_systems.py::TestSkinSystem::test_get_summary - AttributeError: type object 'SkinCategory' has no attribute 'get'
ERROR tests/test_v26_systems.py::TestAdvancedAI::test_detect_target - NameError: name 'enemy' is not defined
ERROR tests/test_v26_systems.py::TestAdvancedAI::test_target_out_of_range - NameError: name 'enemy' is not defined
ERROR tests/test_v26_systems.py::TestAdvancedAI::test_make_decision_with_target - NameError: name 'enemy' is not defined
= 36 failed, 805 passed, 23 skipped, 3 warnings, 28 errors in 84.87s (0:01:24) =
